2026-05-01 23:35:52,523 WARNING No BioProject found for 'PRJNA857927'
2026-05-01 23:39:24,327 WARNING Retry 1/5 for 'PRJNA736306[PRJNA]': Client error '429 Too Many Requests' for url 'https://eutils.ncbi.nlm.nih.gov/entrez/eutils/esearch.fcgi?db=bioproject&term=PRJNA736306%5BPRJNA%5D&retmode=json&usehistory=y&api_key=61e038518e781de982cddacff077ec29ae09'
For more information check: https://developer.mozilla.org/en-US/docs/Web/HTTP/Status/429
2026-05-01 23:39:26,980 WARNING Retry 1/5 for 'PRJNA878659[PRJNA]': Client error '429 Too Many Requests' for url 'https://eutils.ncbi.nlm.nih.gov/entrez/eutils/esearch.fcgi?db=bioproject&term=PRJNA878659%5BPRJNA%5D&retmode=json&usehistory=y&api_key=61e038518e781de982cddacff077ec29ae09'
For more information check: https://developer.mozilla.org/en-US/docs/Web/HTTP/Status/429
2026-05-01 23:39:30,238 WARNING Retry 1/5 for 'PRJNA1134151[PRJNA]': Client error '429 Too Many Requests' for url 'https://eutils.ncbi.nlm.nih.gov/entrez/eutils/esearch.fcgi?db=bioproject&term=PRJNA1134151%5BPRJNA%5D&retmode=json&usehistory=y&api_key=61e038518e781de982cddacff077ec29ae09'
For more information check: https://developer.mozilla.org/en-US/docs/Web/HTTP/Status/429
2026-05-01 23:40:15,077 WARNING No BioProject found for 'PRJNA1136968'
2026-05-01 23:46:06,151 WARNING Retry 1/5 for 'PRJNA1163323[PRJNA]': Client error '429 Too Many Requests' for url 'https://eutils.ncbi.nlm.nih.gov/entrez/eutils/esearch.fcgi?db=bioproject&term=PRJNA1163323%5BPRJNA%5D&retmode=json&usehistory=y&api_key=61e038518e781de982cddacff077ec29ae09'
For more information check: https://developer.mozilla.org/en-US/docs/Web/HTTP/Status/429
2026-05-01 23:46:06,282 WARNING Retry 1/5 for 'PRJNA1096305[PRJNA]': Client error '429 Too Many Requests' for url 'https://eutils.ncbi.nlm.nih.gov/entrez/eutils/esearch.fcgi?db=bioproject&term=PRJNA1096305%5BPRJNA%5D&retmode=json&usehistory=y&api_key=61e038518e781de982cddacff077ec29ae09'
For more information check: https://developer.mozilla.org/en-US/docs/Web/HTTP/Status/429
2026-05-01 23:51:07,455 WARNING No BioProject found for 'PRJNA1190403'
2026-05-01 23:57:51,150 WARNING Retry 1/5 for 'PRJNA970330[PRJNA]': Client error '429 Too Many Requests' for url 'https://eutils.ncbi.nlm.nih.gov/entrez/eutils/esearch.fcgi?db=bioproject&term=PRJNA970330%5BPRJNA%5D&retmode=json&usehistory=y&api_key=61e038518e781de982cddacff077ec29ae09'
For more information check: https://developer.mozilla.org/en-US/docs/Web/HTTP/Status/429
2026-05-02 00:06:21,051 WARNING Retry 1/5 for 'PRJNA1008178' (full chain): Client error '429 Too Many Requests' for url 'https://eutils.ncbi.nlm.nih.gov/entrez/eutils/elink.fcgi?dbfrom=bioproject&db=gds&WebEnv=MCID_69f52ba92883b3d84d004d6f&query_key=1&cmd=neighbor_history&retmode=json&api_key=61e038518e781de982cddacff077ec29ae09'
For more information check: https://developer.mozilla.org/en-US/docs/Web/HTTP/Status/429
2026-05-02 00:06:21,068 WARNING Retry 1/5 for 'PRJNA1134242' (full chain): Client error '429 Too Many Requests' for url 'https://eutils.ncbi.nlm.nih.gov/entrez/eutils/elink.fcgi?dbfrom=bioproject&db=gds&WebEnv=MCID_69f52ba956ec4d25c6039e44&query_key=1&cmd=neighbor_history&retmode=json&api_key=61e038518e781de982cddacff077ec29ae09'
For more information check: https://developer.mozilla.org/en-US/docs/Web/HTTP/Status/429
2026-05-02 00:06:22,100 WARNING Retry 1/5 for 'PRJNA522287' (full chain): Client error '429 Too Many Requests' for url 'https://eutils.ncbi.nlm.nih.gov/entrez/eutils/elink.fcgi?dbfrom=bioproject&db=gds&WebEnv=MCID_69f52baacf37e761520f605b&query_key=1&cmd=neighbor_history&retmode=json&api_key=61e038518e781de982cddacff077ec29ae09'
For more information check: https://developer.mozilla.org/en-US/docs/Web/HTTP/Status/429
2026-05-02 00:06:22,119 WARNING Retry 1/5 for 'PRJNA1134259' (full chain): Client error '429 Too Many Requests' for url 'https://eutils.ncbi.nlm.nih.gov/entrez/eutils/elink.fcgi?dbfrom=bioproject&db=gds&WebEnv=MCID_69f52baac1cdfe897901ff45&query_key=1&cmd=neighbor_history&retmode=json&api_key=61e038518e781de982cddacff077ec29ae09'
For more information check: https://developer.mozilla.org/en-US/docs/Web/HTTP/Status/429
2026-05-02 00:06:22,517 WARNING Retry 1/5 for 'PRJNA754592' (full chain): Client error '429 Too Many Requests' for url 'https://eutils.ncbi.nlm.nih.gov/entrez/eutils/elink.fcgi?dbfrom=bioproject&db=gds&WebEnv=MCID_69f52baa73d02a4512007f3f&query_key=1&cmd=neighbor_history&retmode=json&api_key=61e038518e781de982cddacff077ec29ae09'
For more information check: https://developer.mozilla.org/en-US/docs/Web/HTTP/Status/429
2026-05-02 00:06:23,175 WARNING Retry 1/5 for 'PRJNA879764' (full chain): Client error '429 Too Many Requests' for url 'https://eutils.ncbi.nlm.nih.gov/entrez/eutils/elink.fcgi?dbfrom=bioproject&db=gds&WebEnv=MCID_69f52bab21cf47fbe000ae21&query_key=1&cmd=neighbor_history&retmode=json&api_key=61e038518e781de982cddacff077ec29ae09'
For more information check: https://developer.mozilla.org/en-US/docs/Web/HTTP/Status/429
2026-05-02 00:06:23,608 WARNING Retry 1/5 for 'PRJNA1008238' (full chain): Client error '429 Too Many Requests' for url 'https://eutils.ncbi.nlm.nih.gov/entrez/eutils/elink.fcgi?dbfrom=bioproject&db=gds&WebEnv=MCID_69f52bab31a7afd8f80abd83&query_key=1&cmd=neighbor_history&retmode=json&api_key=61e038518e781de982cddacff077ec29ae09'
For more information check: https://developer.mozilla.org/en-US/docs/Web/HTTP/Status/429
2026-05-02 00:09:00,752 WARNING Retry 1/5 for 'PRJNA1021495' (full chain): Server error '502 Bad Gateway' for url 'https://eutils.ncbi.nlm.nih.gov/entrez/eutils/elink.fcgi?dbfrom=bioproject&db=gds&WebEnv=MCID_69f52c46db4d6c8c4c0db1c8&query_key=1&cmd=neighbor_history&retmode=json&api_key=61e038518e781de982cddacff077ec29ae09'
For more information check: https://developer.mozilla.org/en-US/docs/Web/HTTP/Status/502
2026-05-02 00:16:09,121 WARNING Retry 1/5 for 'PRJNA631406' (full chain): Client error '429 Too Many Requests' for url 'https://eutils.ncbi.nlm.nih.gov/entrez/eutils/elink.fcgi?dbfrom=bioproject&db=gds&WebEnv=MCID_69f52deb0a7a0b551d0a314c&query_key=1&cmd=neighbor_history&retmode=json&api_key=61e038518e781de982cddacff077ec29ae09'
For more information check: https://developer.mozilla.org/en-US/docs/Web/HTTP/Status/429
2026-05-02 00:20:26,688 WARNING Retry 1/5 for 'PRJNA1208060' (full chain): Server error '502 Bad Gateway' for url 'https://eutils.ncbi.nlm.nih.gov/entrez/eutils/elink.fcgi?dbfrom=bioproject&db=gds&WebEnv=MCID_69f52ee8f39e26b0910af72d&query_key=1&cmd=neighbor_history&retmode=json&api_key=61e038518e781de982cddacff077ec29ae09'
For more information check: https://developer.mozilla.org/en-US/docs/Web/HTTP/Status/502
2026-05-02 00:27:18,705 WARNING Falling back to direct GEO UID summaries for 'PRJNA694670': 1 linked UIDs
2026-05-02 00:28:43,258 WARNING No GEO links found for 'PRJNA735853'
2026-05-02 00:29:29,352 WARNING Falling back to direct GEO UID summaries for 'PRJNA706441': 1 linked UIDs
2026-05-02 00:29:33,871 WARNING Falling back to direct GEO UID summaries for 'PRJNA993119': 1 linked UIDs
2026-05-02 00:31:20,611 WARNING No GEO links found for 'PRJNA1304872'
2026-05-02 00:32:33,903 WARNING Falling back to direct GEO UID summaries for 'PRJNA728050': 3 linked UIDs
2026-05-02 00:32:44,702 WARNING Falling back to direct GEO UID summaries for 'PRJNA875932': 1 linked UIDs
2026-05-02 00:33:20,857 WARNING No GEO links found for 'PRJNA1371863'
2026-05-02 00:33:24,847 WARNING No GEO links found for 'PRJNA1372747'
2026-05-02 00:33:41,262 WARNING No GEO links found for 'PRJNA760795'
2026-05-02 00:33:41,937 WARNING No GEO links found for 'PRJNA748842'
2026-05-02 00:33:42,744 WARNING No GEO links found for 'PRJNA761514'
2026-05-02 00:33:43,138 WARNING No GEO links found for 'PRJNA762594'
2026-05-02 00:33:43,977 WARNING No GEO links found for 'PRJNA757466'
2026-05-02 00:33:44,956 WARNING No GEO links found for 'PRJNA762922'
2026-05-02 00:33:45,547 WARNING No GEO links found for 'PRJNA763366'
2026-05-02 00:33:45,895 WARNING No GEO links found for 'PRJNA763575'
2026-05-02 00:33:46,431 WARNING No GEO links found for 'PRJNA763810'
2026-05-02 00:33:46,898 WARNING No GEO links found for 'PRJNA764000'
2026-05-02 00:33:47,932 WARNING No GEO links found for 'PRJNA756001'
2026-05-02 00:33:48,494 WARNING No GEO links found for 'PRJNA765498'
2026-05-02 00:33:49,223 WARNING No GEO links found for 'PRJNA766250'
2026-05-02 00:33:49,929 WARNING No GEO links found for 'PRJNA766517'
2026-05-02 00:33:49,936 WARNING Falling back to direct GEO UID summaries for 'PRJNA1135918': 1 linked UIDs
2026-05-02 00:33:50,588 WARNING No GEO links found for 'PRJNA766132'
2026-05-02 00:33:51,241 WARNING No GEO links found for 'PRJNA767017'
2026-05-02 00:33:51,957 WARNING No GEO links found for 'PRJNA768891'
2026-05-02 00:33:52,593 WARNING No GEO links found for 'PRJNA768942'
2026-05-02 00:33:53,234 WARNING No GEO links found for 'PRJNA769064'
2026-05-02 00:33:53,961 WARNING No GEO links found for 'PRJNA766698'
2026-05-02 00:33:54,571 WARNING No GEO links found for 'PRJNA744851'
2026-05-02 00:33:55,115 WARNING No GEO links found for 'PRJNA771932'
2026-05-02 00:33:55,657 WARNING No GEO links found for 'PRJNA772047'
2026-05-02 00:33:56,449 WARNING No GEO links found for 'PRJNA773814'
2026-05-02 00:33:57,280 WARNING No GEO links found for 'PRJNA524175'
2026-05-02 00:33:57,823 WARNING No GEO links found for 'PRJNA775994'
2026-05-02 00:33:58,581 WARNING No GEO links found for 'PRJNA776659'
2026-05-02 00:33:59,148 WARNING No GEO links found for 'PRJNA773987'
2026-05-02 00:33:59,680 WARNING No GEO links found for 'PRJNA777734'
2026-05-02 00:34:00,489 WARNING No GEO links found for 'PRJNA777966'
2026-05-02 00:34:01,285 WARNING No GEO links found for 'PRJNA777911'
2026-05-02 00:34:01,837 WARNING No GEO links found for 'PRJNA776683'
2026-05-02 00:34:02,607 WARNING No GEO links found for 'PRJNA779701'
2026-05-02 00:34:03,238 WARNING No GEO links found for 'PRJNA778627'
2026-05-02 00:34:03,940 WARNING No GEO links found for 'PRJNA781289'
2026-05-02 00:34:04,364 WARNING No GEO links found for 'PRJNA781454'
2026-05-02 00:34:05,303 WARNING No GEO links found for 'PRJNA781273'
2026-05-02 00:34:05,770 WARNING No GEO links found for 'PRJNA782883'
2026-05-02 00:34:06,956 WARNING No GEO links found for 'PRJNA783473'
2026-05-02 00:34:07,166 WARNING No GEO links found for 'PRJNA783363'
2026-05-02 00:34:07,921 WARNING No GEO links found for 'PRJNA628067'
2026-05-02 00:34:08,360 WARNING No GEO links found for 'PRJNA786266'
2026-05-02 00:34:09,305 WARNING No GEO links found for 'PRJNA788201'
2026-05-02 00:34:10,446 WARNING No GEO links found for 'PRJNA789884'
2026-05-02 00:34:11,162 WARNING No GEO links found for 'PRJNA744567'
2026-05-02 00:34:11,979 WARNING No GEO links found for 'PRJNA790498'
2026-05-02 00:34:12,002 WARNING No GEO links found for 'PRJNA792884'
2026-05-02 00:34:12,519 WARNING No GEO links found for 'PRJNA793836'
2026-05-02 00:34:13,127 WARNING No GEO links found for 'PRJNA793914'
2026-05-02 00:34:14,073 WARNING No GEO links found for 'PRJNA794806'
2026-05-02 00:34:14,484 WARNING No GEO links found for 'PRJNA794826'
2026-05-02 00:34:15,087 WARNING No GEO links found for 'PRJNA796634'
2026-05-02 00:34:15,937 WARNING No GEO links found for 'PRJNA796807'
2026-05-02 00:34:16,423 WARNING No GEO links found for 'PRJNA796957'
2026-05-02 00:34:17,097 WARNING No GEO links found for 'PRJNA797897'
2026-05-02 00:34:17,911 WARNING No GEO links found for 'PRJNA795276'
2026-05-02 00:34:19,098 WARNING No GEO links found for 'PRJNA799588'
2026-05-02 00:34:19,332 WARNING No GEO links found for 'PRJNA797693'
2026-05-02 00:34:19,940 WARNING No GEO links found for 'PRJNA800653'
2026-05-02 00:34:20,418 WARNING No GEO links found for 'PRJNA803321'
2026-05-02 00:34:21,105 WARNING No GEO links found for 'PRJNA758213'
2026-05-02 00:34:21,914 WARNING No GEO links found for 'PRJNA803769'
2026-05-02 00:34:22,604 WARNING No GEO links found for 'PRJNA759387'
2026-05-02 00:34:23,188 WARNING No GEO links found for 'PRJNA802332'
2026-05-02 00:34:24,023 WARNING No GEO links found for 'PRJNA797732'
2026-05-02 00:34:24,864 WARNING No GEO links found for 'PRJNA809564'
2026-05-02 00:34:25,663 WARNING No GEO links found for 'PRJNA809678'
2026-05-02 00:34:26,200 WARNING No GEO links found for 'PRJNA810985'
2026-05-02 00:34:26,989 WARNING No GEO links found for 'PRJNA811533'
2026-05-02 00:34:27,924 WARNING No GEO links found for 'PRJNA811717'
2026-05-02 00:34:28,545 WARNING No GEO links found for 'PRJNA812270'
2026-05-02 00:34:29,603 WARNING No GEO links found for 'PRJNA812361'
2026-05-02 00:34:30,351 WARNING No GEO links found for 'PRJNA757179'
2026-05-02 00:34:31,077 WARNING No GEO links found for 'PRJNA815461'
2026-05-02 00:34:32,030 WARNING No GEO links found for 'PRJNA815659'
2026-05-02 00:34:32,699 WARNING No GEO links found for 'PRJNA769413'
2026-05-02 00:34:33,504 WARNING No GEO links found for 'PRJNA817077'
2026-05-02 00:34:34,301 WARNING No GEO links found for 'PRJNA817521'
2026-05-02 00:34:34,991 WARNING No GEO links found for 'PRJNA1139838'
2026-05-02 00:34:35,082 WARNING No GEO links found for 'PRJNA816507'
2026-05-02 00:34:35,890 WARNING No GEO links found for 'PRJNA818695'
2026-05-02 00:34:36,571 WARNING No GEO links found for 'PRJNA819057'
2026-05-02 00:34:37,514 WARNING No GEO links found for 'PRJNA748552'
2026-05-02 00:34:38,220 WARNING No GEO links found for 'PRJNA820356'
2026-05-02 00:34:39,916 WARNING No GEO links found for 'PRJNA826269'
2026-05-02 00:34:40,188 WARNING No GEO links found for 'PRJNA784249'
2026-05-02 00:34:40,768 WARNING No GEO links found for 'PRJNA680945'
2026-05-02 00:34:41,500 WARNING No GEO links found for 'PRJNA828127'
2026-05-02 00:34:42,476 WARNING No GEO links found for 'PRJNA828379'
2026-05-02 00:34:43,244 WARNING No GEO links found for 'PRJNA830496'
2026-05-02 00:34:44,077 WARNING No GEO links found for 'PRJNA833593'
2026-05-02 00:34:44,705 WARNING No GEO links found for 'PRJNA832916'
2026-05-02 00:34:45,371 WARNING No GEO links found for 'PRJNA831718'
2026-05-02 00:34:46,343 WARNING No GEO links found for 'PRJNA834897'
2026-05-02 00:34:46,978 WARNING No GEO links found for 'PRJNA835152'
2026-05-02 00:34:47,910 WARNING No GEO links found for 'PRJNA835590'
2026-05-02 00:34:48,493 WARNING No GEO links found for 'PRJNA835747'
2026-05-02 00:34:49,772 WARNING No GEO links found for 'PRJNA836306'
2026-05-02 00:34:50,499 WARNING No GEO links found for 'PRJNA837188'
2026-05-02 00:34:51,948 WARNING No GEO links found for 'PRJNA838071'
2026-05-02 00:34:52,454 WARNING No GEO links found for 'PRJNA837932'
2026-05-02 00:34:52,790 WARNING No GEO links found for 'PRJNA839157'
2026-05-02 00:34:53,636 WARNING No GEO links found for 'PRJNA839155'
2026-05-02 00:34:54,344 WARNING No GEO links found for 'PRJNA790979'
2026-05-02 00:34:55,178 WARNING No GEO links found for 'PRJNA841980'
2026-05-02 00:34:55,948 WARNING No GEO links found for 'PRJNA843317'
2026-05-02 00:34:56,752 WARNING No GEO links found for 'PRJNA843184'
2026-05-02 00:34:57,561 WARNING No GEO links found for 'PRJNA839749'
2026-05-02 00:34:58,231 WARNING No GEO links found for 'PRJNA846149'
2026-05-02 00:34:59,149 WARNING No GEO links found for 'PRJNA843087'
2026-05-02 00:35:00,010 WARNING No GEO links found for 'PRJNA843856'
2026-05-02 00:35:00,763 WARNING No GEO links found for 'PRJNA846952'
2026-05-02 00:35:01,592 WARNING No GEO links found for 'PRJNA847197'
2026-05-02 00:35:02,360 WARNING No GEO links found for 'PRJNA850145'
2026-05-02 00:35:03,048 WARNING No GEO links found for 'PRJNA851553'
2026-05-02 00:35:04,026 WARNING No GEO links found for 'PRJNA852570'
2026-05-02 00:35:04,776 WARNING No GEO links found for 'PRJNA814624'
2026-05-02 00:35:05,628 WARNING No GEO links found for 'PRJNA578302'
2026-05-02 00:35:06,367 WARNING No GEO links found for 'PRJNA849722'
2026-05-02 00:35:07,172 WARNING No GEO links found for 'PRJNA853539'
2026-05-02 00:35:07,986 WARNING No GEO links found for 'PRJNA854742'
2026-05-02 00:35:08,780 WARNING No GEO links found for 'PRJNA771240'
2026-05-02 00:35:09,587 WARNING No GEO links found for 'PRJNA855311'
2026-05-02 00:35:10,286 WARNING No GEO links found for 'PRJNA855114'
2026-05-02 00:35:11,188 WARNING No GEO links found for 'PRJNA845112'
2026-05-02 00:35:12,163 WARNING No GEO links found for 'PRJNA856646'
2026-05-02 00:35:12,805 WARNING No GEO links found for 'PRJNA856671'
2026-05-02 00:35:13,783 WARNING No GEO links found for 'PRJNA858249'
2026-05-02 00:35:14,116 WARNING No GEO links found for 'PRJNA859907'
2026-05-02 00:35:15,310 WARNING No GEO links found for 'PRJNA861336'
2026-05-02 00:35:16,014 WARNING No GEO links found for 'PRJNA861849'
2026-05-02 00:35:16,646 WARNING No GEO links found for 'PRJNA862510'
2026-05-02 00:35:17,579 WARNING No GEO links found for 'PRJNA863443'
2026-05-02 00:35:18,406 WARNING No GEO links found for 'PRJNA864092'
2026-05-02 00:35:19,168 WARNING No GEO links found for 'PRJNA865889'
2026-05-02 00:35:20,128 WARNING No GEO links found for 'PRJNA866132'
2026-05-02 00:35:20,792 WARNING No GEO links found for 'PRJNA866296'
2026-05-02 00:35:21,580 WARNING No GEO links found for 'PRJNA868430'
2026-05-02 00:35:22,411 WARNING No GEO links found for 'PRJNA869673'
2026-05-02 00:35:23,562 WARNING No GEO links found for 'PRJNA871128'
2026-05-02 00:35:23,963 WARNING No GEO links found for 'PRJNA841426'
2026-05-02 00:35:24,772 WARNING No GEO links found for 'PRJNA865101'
2026-05-02 00:35:25,598 WARNING No GEO links found for 'PRJNA878657'
2026-05-02 00:36:07,634 WARNING No GEO links found for 'PRJNA878658'
2026-05-02 00:36:08,476 WARNING No GEO links found for 'PRJNA878854'
2026-05-02 00:36:09,511 WARNING No GEO links found for 'PRJNA879876'
2026-05-02 00:36:10,580 WARNING No GEO links found for 'PRJNA878650'
2026-05-02 00:36:10,828 WARNING No GEO links found for 'PRJNA880366'
2026-05-02 00:36:12,046 WARNING No GEO links found for 'PRJNA880758'
2026-05-02 00:36:12,542 WARNING No GEO links found for 'PRJNA880326'
2026-05-02 00:36:13,647 WARNING No GEO links found for 'PRJNA881605'
2026-05-02 00:36:14,411 WARNING No GEO links found for 'PRJNA881644'
2026-05-02 00:36:14,926 WARNING No GEO links found for 'PRJNA880279'
2026-05-02 00:36:15,639 WARNING No GEO links found for 'PRJNA883610'
2026-05-02 00:36:16,707 WARNING No GEO links found for 'PRJNA885018'
2026-05-02 00:36:17,729 WARNING No GEO links found for 'PRJNA885258'
2026-05-02 00:36:18,140 WARNING No GEO links found for 'PRJNA884500'
2026-05-02 00:36:19,087 WARNING No GEO links found for 'PRJNA885980'
2026-05-02 00:36:20,036 WARNING No GEO links found for 'PRJNA885255'
2026-05-02 00:36:20,575 WARNING No GEO links found for 'PRJNA883006'
2026-05-02 00:36:21,329 WARNING No GEO links found for 'PRJNA885029'
2026-05-02 00:36:22,441 WARNING No GEO links found for 'PRJNA883612'
2026-05-02 00:36:23,076 WARNING No GEO links found for 'PRJNA888556'
2026-05-02 00:36:23,862 WARNING No GEO links found for 'PRJNA887945'
2026-05-02 00:36:24,704 WARNING No GEO links found for 'PRJNA890190'
2026-05-02 00:36:25,460 WARNING No GEO links found for 'PRJNA890211'
2026-05-02 00:36:26,141 WARNING No GEO links found for 'PRJNA890252'
2026-05-02 00:36:26,929 WARNING No GEO links found for 'PRJNA890914'
2026-05-02 00:36:27,902 WARNING No GEO links found for 'PRJNA891206'
2026-05-02 00:36:28,743 WARNING No GEO links found for 'PRJNA891889'
2026-05-02 00:36:29,651 WARNING No GEO links found for 'PRJNA892054'
2026-05-02 00:36:30,271 WARNING No GEO links found for 'PRJNA891126'
2026-05-02 00:36:31,057 WARNING No GEO links found for 'PRJNA892973'
2026-05-02 00:36:31,952 WARNING No GEO links found for 'PRJNA891516'
2026-05-02 00:36:32,455 WARNING No GEO links found for 'PRJNA898288'
2026-05-02 00:36:33,538 WARNING No GEO links found for 'PRJNA898284'
2026-05-02 00:36:34,301 WARNING No GEO links found for 'PRJNA890754'
2026-05-02 00:36:35,152 WARNING No GEO links found for 'PRJNA894303'
2026-05-02 00:36:35,936 WARNING No GEO links found for 'PRJNA898870'
2026-05-02 00:36:36,705 WARNING No GEO links found for 'PRJNA899089'
2026-05-02 00:36:37,671 WARNING No GEO links found for 'PRJNA898624'
2026-05-02 00:36:38,495 WARNING No GEO links found for 'PRJNA899867'
2026-05-02 00:36:39,120 WARNING No GEO links found for 'PRJNA900189'
2026-05-02 00:36:39,918 WARNING No GEO links found for 'PRJNA901260'
2026-05-02 00:36:40,860 WARNING No GEO links found for 'PRJNA901288'
2026-05-02 00:36:41,353 WARNING No GEO links found for 'PRJNA898878'
2026-05-02 00:36:42,449 WARNING No GEO links found for 'PRJNA902416'
2026-05-02 00:36:43,219 WARNING No GEO links found for 'PRJNA900693'
2026-05-02 00:36:43,764 WARNING No GEO links found for 'PRJNA902911'
2026-05-02 00:36:44,832 WARNING No GEO links found for 'PRJNA903231'
2026-05-02 00:36:45,675 WARNING No GEO links found for 'PRJNA904233'
2026-05-02 00:36:46,444 WARNING No GEO links found for 'PRJNA903530'
2026-05-02 00:36:47,307 WARNING No GEO links found for 'PRJNA905677'
2026-05-02 00:36:47,939 WARNING No GEO links found for 'PRJNA889506'
2026-05-02 00:36:48,686 WARNING No GEO links found for 'PRJNA889507'
2026-05-02 00:36:49,517 WARNING No GEO links found for 'PRJNA907416'
2026-05-02 00:36:50,317 WARNING No GEO links found for 'PRJNA903521'
2026-05-02 00:36:51,090 WARNING No GEO links found for 'PRJNA821259'
2026-05-02 00:36:51,935 WARNING No GEO links found for 'PRJNA910157'
2026-05-02 00:36:52,711 WARNING No GEO links found for 'PRJNA910548'
2026-05-02 00:36:53,437 WARNING No GEO links found for 'PRJNA907755'
2026-05-02 00:36:54,206 WARNING No GEO links found for 'PRJNA911229'
2026-05-02 00:36:55,245 WARNING No GEO links found for 'PRJNA911622'
2026-05-02 00:36:55,975 WARNING No GEO links found for 'PRJNA913669'
2026-05-02 00:36:56,589 WARNING No GEO links found for 'PRJNA913700'
2026-05-02 00:36:57,507 WARNING No GEO links found for 'PRJNA914550'
2026-05-02 00:36:58,327 WARNING No GEO links found for 'PRJNA915621'
2026-05-02 00:36:59,137 WARNING No GEO links found for 'PRJNA917041'
2026-05-02 00:37:01,027 WARNING No GEO links found for 'PRJNA916544'
2026-05-02 00:37:01,174 WARNING No GEO links found for 'PRJNA917076'
2026-05-02 00:37:01,386 WARNING No GEO links found for 'PRJNA917457'
2026-05-02 00:37:03,198 WARNING No GEO links found for 'PRJNA918304'
2026-05-02 00:37:03,233 WARNING No GEO links found for 'PRJNA918416'
2026-05-02 00:37:04,017 WARNING No GEO links found for 'PRJNA908079'
2026-05-02 00:37:04,706 WARNING No GEO links found for 'PRJNA917036'
2026-05-02 00:37:05,526 WARNING No GEO links found for 'PRJNA921914'
2026-05-02 00:37:06,340 WARNING No GEO links found for 'PRJNA922058'
2026-05-02 00:37:06,958 WARNING No GEO links found for 'PRJNA923721'
2026-05-02 00:37:07,904 WARNING No GEO links found for 'PRJNA924565'
2026-05-02 00:37:08,717 WARNING No GEO links found for 'PRJNA928337'
2026-05-02 00:37:09,557 WARNING No GEO links found for 'PRJNA929920'
2026-05-02 00:37:10,018 WARNING No GEO links found for 'PRJNA930146'
2026-05-02 00:37:11,609 WARNING No GEO links found for 'PRJNA929317'
2026-05-02 00:37:11,818 WARNING No GEO links found for 'PRJNA931298'
2026-05-02 00:37:12,218 WARNING No GEO links found for 'PRJNA930381'
2026-05-02 00:37:12,221 WARNING No GEO links found for 'PRJNA931762'
2026-05-02 00:37:12,906 WARNING No GEO links found for 'PRJNA932195'
2026-05-02 00:37:13,458 WARNING No GEO links found for 'PRJNA930117'
2026-05-02 00:37:13,816 WARNING No GEO links found for 'PRJNA932208'
2026-05-02 00:37:14,353 WARNING No GEO links found for 'PRJNA934380'
2026-05-02 00:37:14,891 WARNING No GEO links found for 'PRJNA934411'
2026-05-02 00:37:15,549 WARNING No GEO links found for 'PRJNA934842'
2026-05-02 00:37:15,840 WARNING No GEO links found for 'PRJNA934186'
2026-05-02 00:37:16,687 WARNING No GEO links found for 'PRJNA935143'
2026-05-02 00:37:17,022 WARNING No GEO links found for 'PRJNA928498'
2026-05-02 00:37:17,583 WARNING No GEO links found for 'PRJNA936400'
2026-05-02 00:37:17,956 WARNING No GEO links found for 'PRJNA932038'
2026-05-02 00:37:18,787 WARNING No GEO links found for 'PRJNA936911'
2026-05-02 00:37:19,340 WARNING No GEO links found for 'PRJNA936917'
2026-05-02 00:37:20,185 WARNING No GEO links found for 'PRJNA914791'
2026-05-02 00:37:20,945 WARNING No GEO links found for 'PRJNA936882'
2026-05-02 00:37:21,199 WARNING No GEO links found for 'PRJNA851535'
2026-05-02 00:37:21,735 WARNING No GEO links found for 'PRJNA940196'
2026-05-02 00:37:22,598 WARNING No GEO links found for 'PRJNA793870'
2026-05-02 00:37:22,885 WARNING No GEO links found for 'PRJNA942977'
2026-05-02 00:37:23,588 WARNING No GEO links found for 'PRJNA943255'
2026-05-02 00:37:23,910 WARNING No GEO links found for 'PRJNA941494'
2026-05-02 00:37:24,472 WARNING No GEO links found for 'PRJNA941390'
2026-05-02 00:37:25,131 WARNING Falling back to direct GEO UID summaries for 'PRJNA1027309': 1 linked UIDs
2026-05-02 00:37:25,172 WARNING No GEO links found for 'PRJNA941445'
2026-05-02 00:37:25,428 WARNING No GEO links found for 'PRJNA944829'
2026-05-02 00:37:25,851 WARNING No GEO links found for 'PRJNA945406'
2026-05-02 00:37:26,661 WARNING No GEO links found for 'PRJNA944115'
2026-05-02 00:37:27,436 WARNING No GEO links found for 'PRJNA944134'
2026-05-02 00:37:27,695 WARNING No GEO links found for 'PRJNA946340'
2026-05-02 00:37:28,260 WARNING No GEO links found for 'PRJNA947773'
2026-05-02 00:37:28,666 WARNING No GEO links found for 'PRJNA948052'
2026-05-02 00:37:29,428 WARNING No GEO links found for 'PRJNA948720'
2026-05-02 00:37:30,211 WARNING No GEO links found for 'PRJNA948656'
2026-05-02 00:37:30,344 WARNING No GEO links found for 'PRJNA948700'
2026-05-02 00:37:31,035 WARNING No GEO links found for 'PRJNA950017'
2026-05-02 00:37:31,149 WARNING No GEO links found for 'PRJNA952594'
2026-05-02 00:37:31,850 WARNING No GEO links found for 'PRJNA954694'
2026-05-02 00:37:32,488 WARNING No GEO links found for 'PRJNA954751'
2026-05-02 00:37:33,247 WARNING No GEO links found for 'PRJNA954438'
2026-05-02 00:37:33,601 WARNING No GEO links found for 'PRJNA954770'
2026-05-02 00:37:33,990 WARNING No GEO links found for 'PRJNA935156'
2026-05-02 00:37:34,643 WARNING No GEO links found for 'PRJNA955817'
2026-05-02 00:37:35,775 WARNING No GEO links found for 'PRJNA957492'
2026-05-02 00:37:36,118 WARNING No GEO links found for 'PRJNA958150'
2026-05-02 00:37:36,363 WARNING No GEO links found for 'PRJNA956322'
2026-05-02 00:37:36,963 WARNING No GEO links found for 'PRJNA956978'
2026-05-02 00:37:37,589 WARNING No GEO links found for 'PRJNA961060'
2026-05-02 00:37:37,864 WARNING No GEO links found for 'PRJNA961746'
2026-05-02 00:37:38,488 WARNING No GEO links found for 'PRJNA960678'
2026-05-02 00:37:39,069 WARNING No GEO links found for 'PRJNA960908'
2026-05-02 00:37:39,857 WARNING No GEO links found for 'PRJNA963403'
2026-05-02 00:37:40,468 WARNING No GEO links found for 'PRJNA962185'
2026-05-02 00:37:40,646 WARNING No GEO links found for 'PRJNA964571'
2026-05-02 00:37:41,051 WARNING No GEO links found for 'PRJNA715570'
2026-05-02 00:37:41,569 WARNING No GEO links found for 'PRJNA962294'
2026-05-02 00:37:42,135 WARNING No GEO links found for 'PRJNA968139'
2026-05-02 00:37:42,531 WARNING No GEO links found for 'PRJNA970312'
2026-05-02 00:37:43,167 WARNING No GEO links found for 'PRJNA971080'
2026-05-02 00:37:43,617 WARNING No GEO links found for 'PRJNA970943'
2026-05-02 00:37:44,476 WARNING No GEO links found for 'PRJNA971344'
2026-05-02 00:37:44,949 WARNING No GEO links found for 'PRJNA973717'
2026-05-02 00:37:45,461 WARNING No GEO links found for 'PRJNA973809'
2026-05-02 00:37:45,940 WARNING No GEO links found for 'PRJNA974568'
2026-05-02 00:37:46,281 WARNING No GEO links found for 'PRJNA974722'
2026-05-02 00:37:46,926 WARNING No GEO links found for 'PRJNA975496'
2026-05-02 00:37:47,362 WARNING No GEO links found for 'PRJNA976266'
2026-05-02 00:37:48,152 WARNING No GEO links found for 'PRJNA976296'
2026-05-02 00:37:48,699 WARNING No GEO links found for 'PRJNA976462'
2026-05-02 00:37:48,938 WARNING No usable GEO link history found for 'PRJNA976807'
2026-05-02 00:37:49,839 WARNING No GEO links found for 'PRJNA977863'
2026-05-02 00:37:50,522 WARNING No GEO links found for 'PRJNA978570'
2026-05-02 00:37:50,666 WARNING No GEO links found for 'PRJNA955109'
2026-05-02 00:37:51,240 WARNING No GEO links found for 'PRJNA979347'
2026-05-02 00:37:52,122 WARNING No GEO links found for 'PRJNA977409'
2026-05-02 00:37:52,815 WARNING No GEO links found for 'PRJNA980687'
2026-05-02 00:37:53,640 WARNING No GEO links found for 'PRJNA980417'
2026-05-02 00:37:54,251 WARNING No GEO links found for 'PRJNA981236'
2026-05-02 00:37:55,227 WARNING No GEO links found for 'PRJNA923771'
2026-05-02 00:37:55,744 WARNING No GEO links found for 'PRJNA983503'
2026-05-02 00:37:56,655 WARNING No GEO links found for 'PRJNA985415'
2026-05-02 00:37:57,607 WARNING No GEO links found for 'PRJNA986661'
2026-05-02 00:37:58,276 WARNING No GEO links found for 'PRJNA986850'
2026-05-02 00:37:59,080 WARNING No GEO links found for 'PRJNA988009'
2026-05-02 00:37:59,969 WARNING No GEO links found for 'PRJNA988305'
2026-05-02 00:38:00,529 WARNING No GEO links found for 'PRJNA989673'
2026-05-02 00:38:02,244 WARNING No GEO links found for 'PRJNA991651'
2026-05-02 00:38:02,416 WARNING No GEO links found for 'PRJNA562645'
2026-05-02 00:38:03,052 WARNING No GEO links found for 'PRJNA956545'
2026-05-02 00:38:03,878 WARNING No GEO links found for 'PRJNA987385'
2026-05-02 00:38:04,827 WARNING No GEO links found for 'PRJNA994082'
2026-05-02 00:38:05,594 WARNING No GEO links found for 'PRJNA993664'
2026-05-02 00:38:06,271 WARNING No GEO links found for 'PRJNA995586'
2026-05-02 00:38:07,138 WARNING No GEO links found for 'PRJNA996357'
2026-05-02 00:38:08,014 WARNING No GEO links found for 'PRJNA996416'
2026-05-02 00:38:08,795 WARNING No GEO links found for 'PRJNA997211'
2026-05-02 00:38:09,904 WARNING No GEO links found for 'PRJNA997723'
2026-05-02 00:38:10,532 WARNING No GEO links found for 'PRJNA996113'
2026-05-02 00:38:11,202 WARNING No GEO links found for 'PRJNA998044'
2026-05-02 00:38:11,976 WARNING No GEO links found for 'PRJNA994303'
2026-05-02 00:38:12,774 WARNING No GEO links found for 'PRJNA999219'
2026-05-02 00:38:13,471 WARNING No GEO links found for 'PRJNA999252'
2026-05-02 00:38:14,421 WARNING No GEO links found for 'PRJNA999858'
2026-05-02 00:38:15,230 WARNING No GEO links found for 'PRJNA1001046'
2026-05-02 00:38:16,026 WARNING No GEO links found for 'PRJNA1001879'
2026-05-02 00:38:16,813 WARNING No GEO links found for 'PRJNA1002063'
2026-05-02 00:38:17,641 WARNING No GEO links found for 'PRJNA1002073'
2026-05-02 00:38:18,454 WARNING No GEO links found for 'PRJNA1002454'
2026-05-02 00:38:19,232 WARNING No GEO links found for 'PRJNA1000913'
2026-05-02 00:38:19,882 WARNING No GEO links found for 'PRJNA1002849'
2026-05-02 00:38:20,684 WARNING No GEO links found for 'PRJNA839777'
2026-05-02 00:38:21,780 WARNING No GEO links found for 'PRJNA1005229'
2026-05-02 00:38:22,461 WARNING No GEO links found for 'PRJNA1004430'
2026-05-02 00:38:23,286 WARNING No GEO links found for 'PRJNA1005705'
2026-05-02 00:38:24,016 WARNING No GEO links found for 'PRJNA1006400'
2026-05-02 00:38:24,855 WARNING No GEO links found for 'PRJNA1004232'
2026-05-02 00:38:25,584 WARNING No GEO links found for 'PRJNA1002611'
2026-05-02 00:38:26,421 WARNING No GEO links found for 'PRJNA1008154'
2026-05-02 00:38:27,091 WARNING No GEO links found for 'PRJNA1008616'
2026-05-02 00:38:28,059 WARNING No GEO links found for 'PRJNA1010954'
2026-05-02 00:38:28,785 WARNING No GEO links found for 'PRJNA1011966'
2026-05-02 00:38:29,587 WARNING No GEO links found for 'PRJNA1012302'
2026-05-02 00:38:30,557 WARNING No GEO links found for 'PRJNA1010024'
2026-05-02 00:38:31,350 WARNING No GEO links found for 'PRJNA1013241'
2026-05-02 00:38:32,027 WARNING No GEO links found for 'PRJNA1013370'
2026-05-02 00:38:32,805 WARNING No GEO links found for 'PRJNA1013575'
2026-05-02 00:38:33,621 WARNING No GEO links found for 'PRJNA1013607'
2026-05-02 00:38:34,572 WARNING No GEO links found for 'PRJNA1014406'
2026-05-02 00:38:35,092 WARNING No GEO links found for 'PRJNA1017130'
2026-05-02 00:38:35,904 WARNING No GEO links found for 'PRJNA949597'
2026-05-02 00:38:36,653 WARNING No GEO links found for 'PRJNA1017658'
2026-05-02 00:38:37,592 WARNING No GEO links found for 'PRJNA1018595'
2026-05-02 00:38:38,348 WARNING No GEO links found for 'PRJNA1018264'
2026-05-02 00:38:39,101 WARNING No GEO links found for 'PRJNA1019089'
2026-05-02 00:38:39,869 WARNING No GEO links found for 'PRJNA1016387'
2026-05-02 00:38:41,708 WARNING No GEO links found for 'PRJNA1020529'
2026-05-02 00:38:42,036 WARNING No GEO links found for 'PRJNA1021342'
2026-05-02 00:38:42,074 WARNING No GEO links found for 'PRJNA1019891'
2026-05-02 00:38:43,435 WARNING No GEO links found for 'PRJNA1021686'
2026-05-02 00:38:44,180 WARNING No GEO links found for 'PRJNA1021694'
2026-05-02 00:38:44,944 WARNING No GEO links found for 'PRJNA1021558'
2026-05-02 00:38:45,653 WARNING No GEO links found for 'PRJNA973875'
2026-05-02 00:38:46,550 WARNING No GEO links found for 'PRJNA1023707'
2026-05-02 00:38:47,103 WARNING No GEO links found for 'PRJNA1023250'
2026-05-02 00:38:47,850 WARNING No GEO links found for 'PRJNA1022459'
2026-05-02 00:38:48,801 WARNING No GEO links found for 'PRJNA1026083'
2026-05-02 00:38:49,697 WARNING No GEO links found for 'PRJNA912889'
2026-05-02 00:38:50,350 WARNING No GEO links found for 'PRJNA1025905'
2026-05-02 00:38:51,326 WARNING No GEO links found for 'PRJNA1026618'
2026-05-02 00:38:52,071 WARNING No GEO links found for 'PRJNA1026785'
2026-05-02 00:38:52,941 WARNING No GEO links found for 'PRJNA1028135'
2026-05-02 00:38:53,657 WARNING No GEO links found for 'PRJNA1028143'
2026-05-02 00:38:54,357 WARNING No GEO links found for 'PRJNA1029174'
2026-05-02 00:38:54,685 WARNING No GEO links found for 'PRJNA1030331'
2026-05-02 00:38:55,691 WARNING No GEO links found for 'PRJNA1022839'
2026-05-02 00:38:56,333 WARNING No GEO links found for 'PRJNA1032747'
2026-05-02 00:38:56,996 WARNING No GEO links found for 'PRJNA1033657'
2026-05-02 00:38:57,611 WARNING No GEO links found for 'PRJNA1033703'
2026-05-02 00:38:58,320 WARNING No GEO links found for 'PRJNA1031585'
2026-05-02 00:38:58,918 WARNING No GEO links found for 'PRJNA1034684'
2026-05-02 00:38:59,730 WARNING No GEO links found for 'PRJNA1035929'
2026-05-02 00:39:00,430 WARNING No GEO links found for 'PRJNA1027603'
2026-05-02 00:39:00,955 WARNING No GEO links found for 'PRJNA1037490'
2026-05-02 00:39:01,685 WARNING No GEO links found for 'PRJNA1043405'
2026-05-02 00:39:02,269 WARNING No GEO links found for 'PRJNA1043813'
2026-05-02 00:39:02,960 WARNING No GEO links found for 'PRJNA1048538'
2026-05-02 00:39:03,642 WARNING No GEO links found for 'PRJNA1045076'
2026-05-02 00:39:04,356 WARNING No GEO links found for 'PRJNA1049373'
2026-05-02 00:39:05,316 WARNING No GEO links found for 'PRJNA1048707'
2026-05-02 00:39:05,632 WARNING No GEO links found for 'PRJNA1049823'
2026-05-02 00:39:06,329 WARNING No GEO links found for 'PRJNA1051284'
2026-05-02 00:39:06,727 WARNING No GEO links found for 'PRJNA1051638'
2026-05-02 00:39:10,334 WARNING No GEO links found for 'PRJNA1054546'
2026-05-02 00:39:10,726 WARNING No GEO links found for 'PRJNA1053807'
2026-05-02 00:39:10,758 WARNING No GEO links found for 'PRJNA1051841'
2026-05-02 00:39:10,792 WARNING No GEO links found for 'PRJNA1053832'
2026-05-02 00:39:11,091 WARNING No GEO links found for 'PRJNA1055574'
2026-05-02 00:39:11,688 WARNING No GEO links found for 'PRJNA1056475'
2026-05-02 00:39:12,393 WARNING No GEO links found for 'PRJNA1057986'
2026-05-02 00:39:13,108 WARNING No GEO links found for 'PRJNA1058601'
2026-05-02 00:39:13,857 WARNING No GEO links found for 'PRJNA1060899'
2026-05-02 00:39:14,239 WARNING No GEO links found for 'PRJNA1061081'
2026-05-02 00:39:15,065 WARNING No GEO links found for 'PRJNA1061334'
2026-05-02 00:39:15,698 WARNING No GEO links found for 'PRJNA1061469'
2026-05-02 00:39:16,568 WARNING No GEO links found for 'PRJNA1062825'
2026-05-02 00:39:16,939 WARNING No GEO links found for 'PRJNA1064602'
2026-05-02 00:39:17,742 WARNING No GEO links found for 'PRJNA1064628'
2026-05-02 00:39:18,927 WARNING No GEO links found for 'PRJNA1066058'
2026-05-02 00:39:19,322 WARNING No GEO links found for 'PRJNA1066349'
2026-05-02 00:39:19,721 WARNING No GEO links found for 'PRJNA1065469'
2026-05-02 00:39:20,279 WARNING No GEO links found for 'PRJNA1066342'
2026-05-02 00:39:21,242 WARNING No GEO links found for 'PRJNA1066491'
2026-05-02 00:39:21,715 WARNING No GEO links found for 'PRJNA1067846'
2026-05-02 00:39:22,561 WARNING No GEO links found for 'PRJNA835458'
2026-05-02 00:39:23,040 WARNING No GEO links found for 'PRJNA1068172'
2026-05-02 00:39:23,503 WARNING No GEO links found for 'PRJNA1068179'
2026-05-02 00:39:24,015 WARNING No GEO links found for 'PRJNA1069235'
2026-05-02 00:39:24,936 WARNING No GEO links found for 'PRJNA1070700'
2026-05-02 00:39:25,863 WARNING No GEO links found for 'PRJNA1070442'
2026-05-02 00:39:26,576 WARNING No GEO links found for 'PRJNA1070509'
2026-05-02 00:39:27,228 WARNING No GEO links found for 'PRJNA1068629'
2026-05-02 00:39:27,727 WARNING No GEO links found for 'PRJNA1070345'
2026-05-02 00:39:28,143 WARNING No GEO links found for 'PRJNA1067212'
2026-05-02 00:39:29,732 WARNING No GEO links found for 'PRJNA1073528'
2026-05-02 00:39:30,581 WARNING No GEO links found for 'PRJNA1073531'
2026-05-02 00:39:31,056 WARNING No GEO links found for 'PRJNA1073730'
2026-05-02 00:39:31,888 WARNING No GEO links found for 'PRJNA1074056'
2026-05-02 00:39:32,328 WARNING No GEO links found for 'PRJNA1074276'
2026-05-02 00:39:33,053 WARNING No GEO links found for 'PRJNA1074271'
2026-05-02 00:39:33,505 WARNING No GEO links found for 'PRJNA1066567'
2026-05-02 00:39:34,402 WARNING No GEO links found for 'PRJNA1075156'
2026-05-02 00:39:35,082 WARNING No GEO links found for 'PRJNA1076139'
2026-05-02 00:39:35,381 WARNING No GEO links found for 'PRJNA1077067'
2026-05-02 00:39:36,323 WARNING No GEO links found for 'PRJNA1077919'
2026-05-02 00:39:37,271 WARNING No GEO links found for 'PRJNA1077750'
2026-05-02 00:39:38,050 WARNING No GEO links found for 'PRJNA1078142'
2026-05-02 00:39:38,331 WARNING No GEO links found for 'PRJNA847631'
2026-05-02 00:39:39,082 WARNING No GEO links found for 'PRJNA991251'
2026-05-02 00:39:39,744 WARNING No GEO links found for 'PRJNA1081437'
2026-05-02 00:39:40,424 WARNING No GEO links found for 'PRJNA1082359'
2026-05-02 00:39:41,195 WARNING No GEO links found for 'PRJNA1083734'
2026-05-02 00:39:41,600 WARNING No GEO links found for 'PRJNA1084011'
2026-05-02 00:39:42,316 WARNING No GEO links found for 'PRJNA1084900'
2026-05-02 00:39:42,947 WARNING No GEO links found for 'PRJNA1076459'
2026-05-02 00:39:43,609 WARNING No GEO links found for 'PRJNA1086053'
2026-05-02 00:39:44,495 WARNING No GEO links found for 'PRJNA799597'
2026-05-02 00:39:44,959 WARNING No GEO links found for 'PRJNA1082404'
2026-05-02 00:39:45,938 WARNING No GEO links found for 'PRJNA1063441'
2026-05-02 00:39:46,685 WARNING No GEO links found for 'PRJNA1088304'
2026-05-02 00:39:48,018 WARNING No GEO links found for 'PRJNA1090428'
2026-05-02 00:39:48,441 WARNING No GEO links found for 'PRJNA1088187'
2026-05-02 00:39:48,669 WARNING No GEO links found for 'PRJNA1091370'
2026-05-02 00:39:49,636 WARNING No GEO links found for 'PRJNA1162518'
2026-05-02 00:39:49,761 WARNING No GEO links found for 'PRJNA1091729'
2026-05-02 00:39:50,445 WARNING No GEO links found for 'PRJNA885816'
2026-05-02 00:39:51,206 WARNING No GEO links found for 'PRJNA1092647'
2026-05-02 00:39:51,990 WARNING No GEO links found for 'PRJNA1092531'
2026-05-02 00:39:53,134 WARNING No GEO links found for 'PRJNA1092723'
2026-05-02 00:39:53,888 WARNING No GEO links found for 'PRJNA1093410'
2026-05-02 00:39:54,568 WARNING No GEO links found for 'PRJNA1092677'
2026-05-02 00:39:55,572 WARNING No GEO links found for 'PRJNA1093583'
2026-05-02 00:39:55,873 WARNING No GEO links found for 'PRJNA1094591'
2026-05-02 00:39:56,073 WARNING Falling back to direct GEO UID summaries for 'PRJNA1162887': 1 linked UIDs
2026-05-02 00:39:56,853 WARNING No GEO links found for 'PRJNA1094690'
2026-05-02 00:39:57,758 WARNING No GEO links found for 'PRJNA1095379'
2026-05-02 00:39:58,718 WARNING No GEO links found for 'PRJNA1089797'
2026-05-02 00:39:59,737 WARNING No GEO links found for 'PRJNA975881'
2026-05-02 00:40:00,811 WARNING No GEO links found for 'PRJNA1098350'
2026-05-02 00:40:01,748 WARNING No GEO links found for 'PRJNA1098013'
2026-05-02 00:40:02,453 WARNING No GEO links found for 'PRJNA1099409'
2026-05-02 00:40:03,340 WARNING No GEO links found for 'PRJNA1100482'
2026-05-02 00:40:04,026 WARNING No GEO links found for 'PRJNA1099037'
2026-05-02 00:40:04,682 WARNING No GEO links found for 'PRJNA1099275'
2026-05-02 00:40:05,798 WARNING No GEO links found for 'PRJNA1099925'
2026-05-02 00:40:06,419 WARNING No GEO links found for 'PRJNA1100176'
2026-05-02 00:40:07,120 WARNING No GEO links found for 'PRJNA1101197'
2026-05-02 00:40:08,024 WARNING No GEO links found for 'PRJNA976191'
2026-05-02 00:40:08,815 WARNING No GEO links found for 'PRJNA1101675'
2026-05-02 00:40:09,876 WARNING No GEO links found for 'PRJNA1103333'
2026-05-02 00:40:10,548 WARNING No GEO links found for 'PRJNA1106624'
2026-05-02 00:40:11,323 WARNING No GEO links found for 'PRJNA1106903'
2026-05-02 00:40:11,611 WARNING Falling back to direct GEO UID summaries for 'PRJNA604221': 1 linked UIDs
2026-05-02 00:40:12,144 WARNING No GEO links found for 'PRJNA1107991'
2026-05-02 00:40:12,841 WARNING No GEO links found for 'PRJNA1108254'
2026-05-02 00:40:13,928 WARNING No GEO links found for 'PRJNA1108888'
2026-05-02 00:40:14,393 WARNING No GEO links found for 'PRJNA1110254'
2026-05-02 00:40:15,002 WARNING No GEO links found for 'PRJNA826352'
2026-05-02 00:40:15,516 WARNING No GEO links found for 'PRJNA1089511'
2026-05-02 00:40:16,015 WARNING No GEO links found for 'PRJNA1101038'
2026-05-02 00:40:16,945 WARNING No GEO links found for 'PRJNA1110840'
2026-05-02 00:40:17,928 WARNING No GEO links found for 'PRJNA1111280'
2026-05-02 00:40:18,583 WARNING No GEO links found for 'PRJNA1112410'
2026-05-02 00:40:19,365 WARNING No GEO links found for 'PRJNA1113628'
2026-05-02 00:40:20,153 WARNING No GEO links found for 'PRJNA1114402'
2026-05-02 00:40:20,992 WARNING No GEO links found for 'PRJNA1116091'
2026-05-02 00:40:21,745 WARNING No GEO links found for 'PRJNA1117919'
2026-05-02 00:40:22,570 WARNING No GEO links found for 'PRJNA1117889'
2026-05-02 00:40:23,557 WARNING No GEO links found for 'PRJNA1118265'
2026-05-02 00:40:24,196 WARNING No GEO links found for 'PRJNA1118455'
2026-05-02 00:40:24,599 WARNING No GEO links found for 'PRJNA1118710'
2026-05-02 00:40:25,631 WARNING No GEO links found for 'PRJNA1029994'
2026-05-02 00:40:26,707 WARNING No GEO links found for 'PRJNA1033389'
2026-05-02 00:40:28,171 WARNING No GEO links found for 'PRJNA1120196'
2026-05-02 00:40:28,178 WARNING No GEO links found for 'PRJNA1121873'
2026-05-02 00:40:29,032 WARNING No GEO links found for 'PRJNA1117217'
2026-05-02 00:40:29,977 WARNING No GEO links found for 'PRJNA1122232'
2026-05-02 00:40:30,598 WARNING No GEO links found for 'PRJNA1122316'
2026-05-02 00:40:31,563 WARNING No GEO links found for 'PRJNA1123208'
2026-05-02 00:40:32,310 WARNING No GEO links found for 'PRJNA1123279'
2026-05-02 00:40:33,018 WARNING No GEO links found for 'PRJNA1123501'
2026-05-02 00:40:33,834 WARNING No GEO links found for 'PRJNA1123300'
2026-05-02 00:40:34,578 WARNING No GEO links found for 'PRJNA1124364'
2026-05-02 00:40:35,449 WARNING No GEO links found for 'PRJNA1124428'
2026-05-02 00:40:36,169 WARNING No GEO links found for 'PRJNA1124631'
2026-05-02 00:40:37,040 WARNING No GEO links found for 'PRJNA1125165'
2026-05-02 00:40:37,715 WARNING No GEO links found for 'PRJNA1126429'
2026-05-02 00:40:38,747 WARNING No GEO links found for 'PRJNA1127616'
2026-05-02 00:40:39,247 WARNING No GEO links found for 'PRJNA1128171'
2026-05-02 00:40:40,205 WARNING No GEO links found for 'PRJNA1128409'
2026-05-02 00:40:40,835 WARNING No GEO links found for 'PRJNA1128326'
2026-05-02 00:40:41,851 WARNING No GEO links found for 'PRJNA1129208'
2026-05-02 00:40:42,586 WARNING No GEO links found for 'PRJNA1125932'
2026-05-02 00:40:43,643 WARNING No GEO links found for 'PRJNA1130358'
2026-05-02 00:40:44,498 WARNING No GEO links found for 'PRJNA1129481'
2026-05-02 00:40:44,575 WARNING No GEO links found for 'PRJNA1131099'
2026-05-02 00:40:45,941 WARNING No GEO links found for 'PRJNA1131648'
2026-05-02 00:40:46,698 WARNING No GEO links found for 'PRJNA1132381'
2026-05-02 00:40:47,582 WARNING No GEO links found for 'PRJNA1132580'
2026-05-02 00:40:47,971 WARNING Falling back to direct GEO UID summaries for 'PRJNA1040792': 1 linked UIDs
2026-05-02 00:40:48,986 WARNING No GEO links found for 'PRJNA1135685'
2026-05-02 00:40:49,439 WARNING No GEO links found for 'PRJNA1135711'
2026-05-02 00:40:50,227 WARNING No GEO links found for 'PRJNA1135709'
2026-05-02 00:40:50,357 WARNING No GEO links found for 'PRJNA1136564'
2026-05-02 00:40:50,746 WARNING No GEO links found for 'PRJNA1136828'
2026-05-02 00:40:51,558 WARNING No GEO links found for 'PRJNA1137118'
2026-05-02 00:40:51,950 WARNING Falling back to direct GEO UID summaries for 'PRJNA1168119': 1 linked UIDs
2026-05-02 00:40:52,340 WARNING No GEO links found for 'PRJNA1137434'
2026-05-02 00:40:53,109 WARNING No GEO links found for 'PRJNA1137569'
2026-05-02 00:40:53,268 WARNING No GEO links found for 'PRJNA1137596'
2026-05-02 00:40:54,088 WARNING No GEO links found for 'PRJNA1138961'
2026-05-02 00:40:55,023 WARNING No GEO links found for 'PRJNA1139851'
2026-05-02 00:40:55,542 WARNING No GEO links found for 'PRJNA1140117'
2026-05-02 00:40:56,201 WARNING No GEO links found for 'PRJNA1140385'
2026-05-02 00:40:56,927 WARNING No GEO links found for 'PRJNA1141235'
2026-05-02 00:40:58,332 WARNING No GEO links found for 'PRJNA1141396'
2026-05-02 00:40:59,371 WARNING No GEO links found for 'PRJNA1141238'
2026-05-02 00:41:00,188 WARNING No GEO links found for 'PRJNA387124'
2026-05-02 00:41:00,722 WARNING No GEO links found for 'PRJNA1143898'
2026-05-02 00:41:01,129 WARNING No GEO links found for 'PRJNA1145093'
2026-05-02 00:41:01,919 WARNING No GEO links found for 'PRJNA1145480'
2026-05-02 00:41:02,737 WARNING No GEO links found for 'PRJNA1145668'
2026-05-02 00:41:03,697 WARNING No GEO links found for 'PRJNA1145007'
2026-05-02 00:41:04,059 WARNING No GEO links found for 'PRJNA1146202'
2026-05-02 00:41:05,015 WARNING No GEO links found for 'PRJNA1148308'
2026-05-02 00:41:05,396 WARNING No GEO links found for 'PRJNA1147010'
2026-05-02 00:41:06,326 WARNING No GEO links found for 'PRJNA1149038'
2026-05-02 00:41:06,998 WARNING No GEO links found for 'PRJNA1149456'
2026-05-02 00:41:07,521 WARNING No GEO links found for 'PRJNA1149532'
2026-05-02 00:41:08,190 WARNING No GEO links found for 'PRJNA1150210'
2026-05-02 00:41:08,894 WARNING No GEO links found for 'PRJNA1150231'
2026-05-02 00:41:09,536 WARNING No GEO links found for 'PRJNA1151602'
2026-05-02 00:41:10,343 WARNING No GEO links found for 'PRJNA1150915'
2026-05-02 00:41:10,932 WARNING No GEO links found for 'PRJNA1152969'
2026-05-02 00:41:11,724 WARNING No GEO links found for 'PRJNA1152249'
2026-05-02 00:41:12,078 WARNING No GEO links found for 'PRJNA1156813'
2026-05-02 00:41:12,736 WARNING No GEO links found for 'PRJNA1157450'
2026-05-02 00:41:13,077 WARNING Falling back to direct GEO UID summaries for 'PRJNA610579': 1 linked UIDs
2026-05-02 00:41:13,422 WARNING No GEO links found for 'PRJNA1157582'
2026-05-02 00:41:14,488 WARNING No GEO links found for 'PRJNA1157910'
2026-05-02 00:41:14,609 WARNING No GEO links found for 'PRJNA1156814'
2026-05-02 00:41:15,423 WARNING No GEO links found for 'PRJNA1071370'
2026-05-02 00:41:16,306 WARNING No GEO links found for 'PRJNA1158762'
2026-05-02 00:41:16,875 WARNING No GEO links found for 'PRJNA1046517'
2026-05-02 00:41:17,736 WARNING No GEO links found for 'PRJNA1159010'
2026-05-02 00:41:18,248 WARNING No GEO links found for 'PRJNA1160311'
2026-05-02 00:41:18,910 WARNING No GEO links found for 'PRJNA1161292'
2026-05-02 00:41:19,615 WARNING No GEO links found for 'PRJNA1161452'
2026-05-02 00:41:20,492 WARNING No GEO links found for 'PRJNA1161134'
2026-05-02 00:41:20,640 WARNING No GEO links found for 'PRJNA1161027'
2026-05-02 00:41:22,224 WARNING No GEO links found for 'PRJNA1162743'
2026-05-02 00:41:22,623 WARNING No GEO links found for 'PRJNA1164162'
2026-05-02 00:41:23,713 WARNING No GEO links found for 'PRJNA1166671'
2026-05-02 00:41:24,385 WARNING No GEO links found for 'PRJNA1166873'
2026-05-02 00:41:25,560 WARNING No GEO links found for 'PRJNA1091065'
2026-05-02 00:41:26,000 WARNING No GEO links found for 'PRJNA1165504'
2026-05-02 00:41:26,389 WARNING No GEO links found for 'PRJNA1151215'
2026-05-02 00:41:26,769 WARNING No GEO links found for 'PRJNA1168183'
2026-05-02 00:41:27,446 WARNING No GEO links found for 'PRJNA1168541'
2026-05-02 00:41:28,233 WARNING No GEO links found for 'PRJNA1169017'
2026-05-02 00:41:28,888 WARNING No GEO links found for 'PRJNA1170298'
2026-05-02 00:41:29,162 WARNING No GEO links found for 'PRJNA1170918'
2026-05-02 00:41:30,384 WARNING No GEO links found for 'PRJNA1171138'
2026-05-02 00:41:30,891 WARNING No GEO links found for 'PRJNA1171828'
2026-05-02 00:41:31,587 WARNING No GEO links found for 'PRJNA1171021'
2026-05-02 00:41:32,250 WARNING No GEO links found for 'PRJNA1173099'
2026-05-02 00:41:32,976 WARNING No GEO links found for 'PRJNA1173491'
2026-05-02 00:41:33,580 WARNING No GEO links found for 'PRJNA1173913'
2026-05-02 00:41:34,248 WARNING No GEO links found for 'PRJNA1174760'
2026-05-02 00:41:35,045 WARNING No GEO links found for 'PRJNA1174783'
2026-05-02 00:41:35,577 WARNING No GEO links found for 'PRJNA1176188'
2026-05-02 00:41:36,272 WARNING No GEO links found for 'PRJNA1175718'
2026-05-02 00:41:37,112 WARNING No GEO links found for 'PRJNA1177115'
2026-05-02 00:41:37,614 WARNING No GEO links found for 'PRJNA1177387'
2026-05-02 00:41:38,556 WARNING No GEO links found for 'PRJNA1177527'
2026-05-02 00:41:38,925 WARNING No GEO links found for 'PRJNA1178160'
2026-05-02 00:41:39,614 WARNING No GEO links found for 'PRJNA1179949'
2026-05-02 00:41:40,268 WARNING No GEO links found for 'PRJNA1086271'
2026-05-02 00:41:40,926 WARNING No GEO links found for 'PRJNA1181314'
2026-05-02 00:41:41,481 WARNING No GEO links found for 'PRJNA1181768'
2026-05-02 00:41:42,136 WARNING No GEO links found for 'PRJNA1181955'
2026-05-02 00:41:42,831 WARNING No GEO links found for 'PRJNA1182252'
2026-05-02 00:41:43,747 WARNING No GEO links found for 'PRJNA1144347'
2026-05-02 00:41:44,299 WARNING No GEO links found for 'PRJNA1182991'
2026-05-02 00:41:45,083 WARNING No GEO links found for 'PRJNA1184824'
2026-05-02 00:41:45,727 WARNING No GEO links found for 'PRJNA1185434'
2026-05-02 00:41:46,581 WARNING No GEO links found for 'PRJNA1185825'
2026-05-02 00:41:46,819 WARNING No GEO links found for 'PRJNA1184986'
2026-05-02 00:41:47,795 WARNING No GEO links found for 'PRJNA1187460'
2026-05-02 00:41:48,340 WARNING No GEO links found for 'PRJNA1188158'
2026-05-02 00:41:49,265 WARNING No GEO links found for 'PRJNA1188547'
2026-05-02 00:41:49,549 WARNING No GEO links found for 'PRJNA1188714'
2026-05-02 00:41:50,451 WARNING No GEO links found for 'PRJNA1189041'
2026-05-02 00:41:51,004 WARNING No GEO links found for 'PRJNA1189176'
2026-05-02 00:41:51,694 WARNING No GEO links found for 'PRJNA392838'
2026-05-02 00:41:52,237 WARNING No GEO links found for 'PRJNA1190113'
2026-05-02 00:41:52,999 WARNING No GEO links found for 'PRJNA1191887'
2026-05-02 00:41:53,773 WARNING No GEO links found for 'PRJNA1193130'
2026-05-02 00:41:54,322 WARNING No GEO links found for 'PRJNA1194196'
2026-05-02 00:41:55,296 WARNING No GEO links found for 'PRJNA1194206'
2026-05-02 00:41:55,654 WARNING No GEO links found for 'PRJNA1190709'
2026-05-02 00:41:56,356 WARNING No GEO links found for 'PRJNA1195897'
2026-05-02 00:41:57,426 WARNING No GEO links found for 'PRJNA1196142'
2026-05-02 00:41:58,322 WARNING No GEO links found for 'PRJNA1187450'
2026-05-02 00:41:59,058 WARNING No GEO links found for 'PRJNA1199939'
2026-05-02 00:41:59,525 WARNING No GEO links found for 'PRJNA1200005'
2026-05-02 00:42:00,336 WARNING No GEO links found for 'PRJNA1186843'
2026-05-02 00:42:01,223 WARNING No GEO links found for 'PRJNA1202538'
2026-05-02 00:42:02,113 WARNING No GEO links found for 'PRJNA1202691'
2026-05-02 00:42:02,484 WARNING No GEO links found for 'PRJNA1202516'
2026-05-02 00:42:02,774 WARNING No GEO links found for 'PRJNA1202227'
2026-05-02 00:42:03,626 WARNING No GEO links found for 'PRJNA1203354'
2026-05-02 00:42:04,241 WARNING No GEO links found for 'PRJNA1205493'
2026-05-02 00:42:04,875 WARNING No GEO links found for 'PRJNA1209384'
2026-05-02 00:42:05,957 WARNING No GEO links found for 'PRJNA1210001'
2026-05-02 00:42:06,637 WARNING No GEO links found for 'PRJNA1175744'
2026-05-02 00:42:07,178 WARNING No GEO links found for 'PRJNA1210010'
2026-05-02 00:42:07,762 WARNING No GEO links found for 'PRJNA1190485'
2026-05-02 00:42:08,426 WARNING No GEO links found for 'PRJNA1209376'
2026-05-02 00:42:08,931 WARNING No GEO links found for 'PRJNA1215585'
2026-05-02 00:42:10,190 WARNING No GEO links found for 'PRJNA1213838'
2026-05-02 00:42:10,553 WARNING No GEO links found for 'PRJNA1216528'
2026-05-02 00:42:11,766 WARNING No GEO links found for 'PRJNA1216729'
2026-05-02 00:42:12,284 WARNING No GEO links found for 'PRJNA1216925'
2026-05-02 00:42:13,348 WARNING No GEO links found for 'PRJNA1217618'
2026-05-02 00:42:13,763 WARNING No GEO links found for 'PRJNA1216737'
2026-05-02 00:42:15,106 WARNING No GEO links found for 'PRJNA1220606'
2026-05-02 00:42:15,612 WARNING No GEO links found for 'PRJNA1221360'
2026-05-02 00:42:16,489 WARNING No GEO links found for 'PRJNA1221542'
2026-05-02 00:42:17,135 WARNING No GEO links found for 'PRJNA1223039'
2026-05-02 00:42:17,479 WARNING No GEO links found for 'PRJNA1207946'
2026-05-02 00:42:18,423 WARNING No GEO links found for 'PRJNA1228673'
2026-05-02 00:42:19,258 WARNING No GEO links found for 'PRJNA1229526'
2026-05-02 00:42:19,959 WARNING No GEO links found for 'PRJNA1231266'
2026-05-02 00:42:20,461 WARNING No GEO links found for 'PRJNA1232015'
2026-05-02 00:42:21,098 WARNING No GEO links found for 'PRJNA1236655'
2026-05-02 00:42:21,793 WARNING No GEO links found for 'PRJNA1230360'
2026-05-02 00:42:22,449 WARNING No GEO links found for 'PRJNA1234645'
2026-05-02 00:42:23,096 WARNING No GEO links found for 'PRJNA1238574'
2026-05-02 00:42:23,962 WARNING No GEO links found for 'PRJNA1331935'
2026-05-02 00:42:24,206 WARNING No GEO links found for 'PRJNA1240655'
2026-05-02 00:42:25,656 WARNING No GEO links found for 'PRJNA1240614'
2026-05-02 00:42:25,788 WARNING No GEO links found for 'PRJNA1240205'
2026-05-02 00:42:26,576 WARNING No GEO links found for 'PRJNA1239919'
2026-05-02 00:42:26,978 WARNING No GEO links found for 'PRJNA759105'
2026-05-02 00:42:27,700 WARNING No GEO links found for 'PRJNA1241350'
2026-05-02 00:42:28,369 WARNING No GEO links found for 'PRJNA1243320'
2026-05-02 00:42:29,145 WARNING No GEO links found for 'PRJNA1244021'
2026-05-02 00:42:29,818 WARNING No GEO links found for 'PRJNA1243348'
2026-05-02 00:42:30,475 WARNING No GEO links found for 'PRJNA1244929'
2026-05-02 00:42:31,159 WARNING No GEO links found for 'PRJNA1242731'
2026-05-02 00:42:31,809 WARNING No GEO links found for 'PRJNA1245656'
2026-05-02 00:42:32,503 WARNING No GEO links found for 'PRJNA1246134'
2026-05-02 00:42:40,186 WARNING No GEO links found for 'PRJNA1050789'
2026-05-02 00:43:19,912 WARNING Falling back to direct GEO UID summaries for 'PRJNA783629': 1 linked UIDs
2026-05-02 00:43:25,263 WARNING No GEO links found for 'PRJNA1246949'
2026-05-02 00:43:25,532 WARNING No GEO links found for 'PRJNA1250406'
2026-05-02 00:43:26,196 WARNING No GEO links found for 'PRJNA1251728'
2026-05-02 00:43:26,735 WARNING No GEO links found for 'PRJNA1231705'
2026-05-02 00:43:27,219 WARNING No GEO links found for 'PRJNA1253871'
2026-05-02 00:43:27,899 WARNING No GEO links found for 'PRJNA1256616'
2026-05-02 00:43:28,562 WARNING No GEO links found for 'PRJNA1254220'
2026-05-02 00:43:28,970 WARNING No GEO links found for 'PRJNA1252169'
2026-05-02 00:43:29,400 WARNING No GEO links found for 'PRJNA1258770'
2026-05-02 00:43:30,050 WARNING No GEO links found for 'PRJNA1259731'
2026-05-02 00:43:30,609 WARNING No GEO links found for 'PRJNA1261106'
2026-05-02 00:43:31,125 WARNING No GEO links found for 'PRJNA1263897'
2026-05-02 00:43:31,504 WARNING No GEO links found for 'PRJNA1262095'
2026-05-02 00:43:32,057 WARNING No GEO links found for 'PRJNA1265861'
2026-05-02 00:43:32,298 WARNING No GEO links found for 'PRJNA1263689'
2026-05-02 00:43:33,004 WARNING No GEO links found for 'PRJNA1267087'
2026-05-02 00:43:33,758 WARNING No GEO links found for 'PRJNA1267459'
2026-05-02 00:43:34,317 WARNING No GEO links found for 'PRJNA1267563'
2026-05-02 00:43:34,693 WARNING No GEO links found for 'PRJNA1270072'
2026-05-02 00:43:35,256 WARNING No GEO links found for 'PRJNA1270718'
2026-05-02 00:43:35,973 WARNING No GEO links found for 'PRJNA1271238'
2026-05-02 00:43:36,514 WARNING No GEO links found for 'PRJNA1271463'
2026-05-02 00:43:37,473 WARNING No GEO links found for 'PRJNA1271693'
2026-05-02 00:43:38,141 WARNING No GEO links found for 'PRJNA1262995'
2026-05-02 00:43:38,394 WARNING No GEO links found for 'PRJNA1272796'
2026-05-02 00:43:38,912 WARNING No GEO links found for 'PRJNA1273890'
2026-05-02 00:43:39,321 WARNING No GEO links found for 'PRJNA1271548'
2026-05-02 00:43:39,679 WARNING No GEO links found for 'PRJNA1274924'
2026-05-02 00:43:40,228 WARNING No GEO links found for 'PRJNA1276081'
2026-05-02 00:43:40,690 WARNING No GEO links found for 'PRJNA1278886'
2026-05-02 00:43:41,447 WARNING No GEO links found for 'PRJNA1278938'
2026-05-02 00:43:42,168 WARNING No GEO links found for 'PRJNA1279170'
2026-05-02 00:43:42,517 WARNING No GEO links found for 'PRJNA1281581'
2026-05-02 00:43:43,083 WARNING No GEO links found for 'PRJNA1282104'
2026-05-02 00:43:43,606 WARNING No GEO links found for 'PRJNA1282906'
2026-05-02 00:43:44,003 WARNING No GEO links found for 'PRJNA1283267'
2026-05-02 00:43:44,270 WARNING No GEO links found for 'PRJNA1283363'
2026-05-02 00:43:44,921 WARNING No GEO links found for 'PRJNA1283597'
2026-05-02 00:43:45,727 WARNING No GEO links found for 'PRJNA1283913'
2026-05-02 00:43:46,236 WARNING No GEO links found for 'PRJNA1284055'
2026-05-02 00:43:46,971 WARNING No GEO links found for 'PRJNA1284036'
2026-05-02 00:43:47,338 WARNING No GEO links found for 'PRJNA1284669'
2026-05-02 00:43:47,871 WARNING No GEO links found for 'PRJNA1271150'
2026-05-02 00:43:48,440 WARNING No GEO links found for 'PRJNA743579'
2026-05-02 00:43:48,794 WARNING No GEO links found for 'PRJNA1285998'
2026-05-02 00:43:49,998 WARNING No GEO links found for 'PRJNA1290648'
2026-05-02 00:43:50,194 WARNING No GEO links found for 'PRJNA1292783'
2026-05-02 00:43:50,542 WARNING No GEO links found for 'PRJNA1288669'
2026-05-02 00:43:51,078 WARNING No GEO links found for 'PRJNA1290799'
2026-05-02 00:43:51,630 WARNING No GEO links found for 'PRJNA1294537'
2026-05-02 00:43:52,176 WARNING No GEO links found for 'PRJNA1283934'
2026-05-02 00:43:52,803 WARNING No GEO links found for 'PRJNA1295088'
2026-05-02 00:43:53,267 WARNING No GEO links found for 'PRJNA1297315'
2026-05-02 00:43:53,727 WARNING No GEO links found for 'PRJNA1297965'
2026-05-02 00:43:54,176 WARNING No GEO links found for 'PRJNA1298199'
2026-05-02 00:43:54,808 WARNING No GEO links found for 'PRJNA1298524'
2026-05-02 00:43:55,447 WARNING No GEO links found for 'PRJNA1299552'
2026-05-02 00:43:56,021 WARNING No GEO links found for 'PRJNA1301012'
2026-05-02 00:43:56,495 WARNING No GEO links found for 'PRJNA1298510'
2026-05-02 00:43:56,868 WARNING Falling back to direct GEO UID summaries for 'PRJNA1060229': 1 linked UIDs
2026-05-02 00:43:57,622 WARNING No GEO links found for 'PRJNA1297892'
2026-05-02 00:43:57,890 WARNING No GEO links found for 'PRJNA1303991'
2026-05-02 00:43:58,125 WARNING No GEO links found for 'PRJNA1303879'
2026-05-02 00:43:58,700 WARNING No GEO links found for 'PRJNA1304907'
2026-05-02 00:43:58,982 WARNING No GEO links found for 'PRJNA1305097'
2026-05-02 00:43:59,578 WARNING No GEO links found for 'PRJNA1304707'
2026-05-02 00:44:00,128 WARNING No GEO links found for 'PRJNA1306354'
2026-05-02 00:44:00,649 WARNING No GEO links found for 'PRJNA1307176'
2026-05-02 00:44:01,215 WARNING No GEO links found for 'PRJNA1307746'
2026-05-02 00:44:01,701 WARNING No GEO links found for 'PRJNA1307230'
2026-05-02 00:44:02,119 WARNING No GEO links found for 'PRJNA1308584'
2026-05-02 00:44:02,798 WARNING No GEO links found for 'PRJNA1307764'
2026-05-02 00:44:03,285 WARNING No GEO links found for 'PRJNA1309159'
2026-05-02 00:44:03,819 WARNING No GEO links found for 'PRJNA1309720'
2026-05-02 00:44:04,556 WARNING No GEO links found for 'PRJNA1309745'
2026-05-02 00:44:05,071 WARNING No GEO links found for 'PRJNA1306654'
2026-05-02 00:44:05,497 WARNING No GEO links found for 'PRJNA1310030'
2026-05-02 00:44:06,108 WARNING No GEO links found for 'PRJNA1311986'
2026-05-02 00:44:06,669 WARNING No GEO links found for 'PRJNA1311601'
2026-05-02 00:44:07,374 WARNING No GEO links found for 'PRJNA1312126'
2026-05-02 00:44:08,178 WARNING No GEO links found for 'PRJNA1312981'
2026-05-02 00:44:08,938 WARNING No GEO links found for 'PRJNA1311625'
2026-05-02 00:44:09,558 WARNING No GEO links found for 'PRJNA1311626'
2026-05-02 00:44:10,691 WARNING No GEO links found for 'PRJNA1313799'
2026-05-02 00:44:11,378 WARNING No GEO links found for 'PRJNA1314137'
2026-05-02 00:44:12,000 WARNING No GEO links found for 'PRJNA1314207'
2026-05-02 00:44:12,938 WARNING No GEO links found for 'PRJNA1109397'
2026-05-02 00:44:13,295 WARNING No GEO links found for 'PRJNA1310751'
2026-05-02 00:44:14,560 WARNING No GEO links found for 'PRJNA1315160'
2026-05-02 00:44:15,179 WARNING No GEO links found for 'PRJNA1321287'
2026-05-02 00:44:16,287 WARNING No GEO links found for 'PRJNA1327481'
2026-05-02 00:44:17,738 WARNING No GEO links found for 'PRJNA1332306'
2026-05-02 00:44:17,755 WARNING No GEO links found for 'PRJNA1332774'
2026-05-02 00:44:18,410 WARNING No GEO links found for 'PRJNA1333814'
2026-05-02 00:44:19,521 WARNING No GEO links found for 'PRJNA1336772'
2026-05-02 00:44:20,121 WARNING No GEO links found for 'PRJNA1336784'
2026-05-02 00:44:20,957 WARNING No GEO links found for 'PRJNA1337278'
2026-05-02 00:44:21,812 WARNING No GEO links found for 'PRJNA1327871'
2026-05-02 00:44:22,421 WARNING No GEO links found for 'PRJNA1337938'
2026-05-02 00:44:23,373 WARNING No GEO links found for 'PRJNA1337589'
2026-05-02 00:44:24,143 WARNING No GEO links found for 'PRJNA1338213'
2026-05-02 00:44:24,931 WARNING No GEO links found for 'PRJNA1344611'
2026-05-02 00:44:25,846 WARNING No GEO links found for 'PRJNA1344802'
2026-05-02 00:44:26,708 WARNING No GEO links found for 'PRJNA1345088'
2026-05-02 00:44:27,116 WARNING No GEO links found for 'PRJNA1338258'
2026-05-02 00:44:28,160 WARNING No GEO links found for 'PRJNA1330199'
2026-05-02 00:44:28,703 WARNING No GEO links found for 'PRJNA1346442'
2026-05-02 00:44:29,640 WARNING No GEO links found for 'PRJNA1354420'
2026-05-02 00:44:30,711 WARNING No GEO links found for 'PRJNA1354674'
2026-05-02 00:44:31,396 WARNING No GEO links found for 'PRJNA1353640'
2026-05-02 00:44:32,169 WARNING No GEO links found for 'PRJNA1357029'
2026-05-02 00:44:32,918 WARNING No GEO links found for 'PRJNA1356849'
2026-05-02 00:44:33,788 WARNING No GEO links found for 'PRJNA1301449'
2026-05-02 00:44:34,460 WARNING No GEO links found for 'PRJNA1364053'
2026-05-02 00:44:35,577 WARNING No GEO links found for 'PRJNA1365505'
2026-05-02 00:44:37,095 WARNING No GEO links found for 'PRJNA1365795'
2026-05-02 00:44:37,633 WARNING No GEO links found for 'PRJNA1336103'
2026-05-02 00:44:38,410 WARNING No GEO links found for 'PRJNA1337591'
2026-05-02 00:44:38,651 WARNING No GEO links found for 'PRJNA1365940'
2026-05-02 00:44:39,346 WARNING No GEO links found for 'PRJNA1366711'
2026-05-02 00:44:40,332 WARNING No GEO links found for 'PRJNA475188'
2026-05-02 00:44:40,954 WARNING No GEO links found for 'PRJNA1354195'
2026-05-02 00:44:41,642 WARNING No GEO links found for 'PRJNA1321347'
2026-05-02 00:44:42,657 WARNING No GEO links found for 'PRJNA419934'
2026-05-02 00:44:43,398 WARNING No GEO links found for 'PRJNA1374719'
2026-05-02 00:44:44,238 WARNING No GEO links found for 'PRJNA1377001'
2026-05-02 00:44:44,879 WARNING No GEO links found for 'PRJNA421026'
2026-05-02 00:44:45,571 WARNING No GEO links found for 'PRJNA1378118'
2026-05-02 00:44:46,680 WARNING No GEO links found for 'PRJNA1379454'
2026-05-02 00:44:47,505 WARNING No GEO links found for 'PRJNA1380420'
2026-05-02 00:44:48,190 WARNING No GEO links found for 'PRJNA437838'
2026-05-02 00:44:48,939 WARNING No GEO links found for 'PRJNA446070'
2026-05-02 00:44:49,956 WARNING No GEO links found for 'PRJNA470640'
2026-05-02 00:44:50,498 WARNING No GEO links found for 'PRJNA472816'
2026-05-02 00:44:51,658 WARNING No GEO links found for 'PRJNA475691'
2026-05-02 00:44:52,247 WARNING No GEO links found for 'PRJNA484547'
2026-05-02 00:44:52,999 WARNING No GEO links found for 'PRJNA487301'
2026-05-02 00:44:53,719 WARNING No GEO links found for 'PRJNA487961'
2026-05-02 00:44:54,443 WARNING No GEO links found for 'PRJNA489304'
2026-05-02 00:44:55,305 WARNING No GEO links found for 'PRJNA489319'
2026-05-02 00:44:56,335 WARNING No GEO links found for 'PRJNA491514'
2026-05-02 00:44:57,119 WARNING No GEO links found for 'PRJNA491919'
2026-05-02 00:44:57,844 WARNING No GEO links found for 'PRJNA492902'
2026-05-02 00:44:58,677 WARNING No GEO links found for 'PRJNA498491'
2026-05-02 00:44:59,530 WARNING No GEO links found for 'PRJNA505532'
2026-05-02 00:45:00,134 WARNING No GEO links found for 'PRJNA507872'
2026-05-02 00:45:00,912 WARNING No GEO links found for 'PRJNA508890'
2026-05-02 00:45:02,090 WARNING No GEO links found for 'PRJNA512111'
2026-05-02 00:45:02,754 WARNING No GEO links found for 'PRJNA513915'
2026-05-02 00:45:03,284 WARNING No GEO links found for 'PRJNA384008'
2026-05-02 00:45:04,253 WARNING No GEO links found for 'PRJNA524398'
2026-05-02 00:45:05,910 WARNING No GEO links found for 'PRJNA523501'
2026-05-02 00:45:06,636 WARNING No GEO links found for 'PRJNA530977'
2026-05-02 00:45:06,981 WARNING No GEO links found for 'PRJNA526262'
2026-05-02 00:45:07,385 WARNING No GEO links found for 'PRJNA532884'
2026-05-02 00:45:08,050 WARNING No GEO links found for 'PRJNA506218'
2026-05-02 00:45:08,761 WARNING No GEO links found for 'PRJNA474206'
2026-05-02 00:45:10,273 WARNING No GEO links found for 'PRJNA544731'
2026-05-02 00:45:10,706 WARNING No GEO links found for 'PRJNA544111'
2026-05-02 00:45:10,994 WARNING No GEO links found for 'PRJNA504037'
2026-05-02 00:45:12,370 WARNING No GEO links found for 'PRJNA545246'
2026-05-02 00:45:12,890 WARNING No GEO links found for 'PRJNA544334'
2026-05-02 00:45:14,266 WARNING No GEO links found for 'PRJNA548516'
2026-05-02 00:45:14,931 WARNING No GEO links found for 'PRJNA549112'
2026-05-02 00:45:15,857 WARNING No GEO links found for 'PRJNA555736'
2026-05-02 00:45:16,267 WARNING No GEO links found for 'PRJNA556211'
2026-05-02 00:45:17,022 WARNING No GEO links found for 'PRJNA556477'
2026-05-02 00:45:18,277 WARNING No GEO links found for 'PRJNA557472'
2026-05-02 00:45:18,715 WARNING No GEO links found for 'PRJNA557267'
2026-05-02 00:45:19,097 WARNING No GEO links found for 'PRJNA558697'
2026-05-02 00:45:19,718 WARNING No GEO links found for 'PRJNA561018'
2026-05-02 00:45:20,242 WARNING No GEO links found for 'PRJNA562135'
2026-05-02 00:45:20,917 WARNING No GEO links found for 'PRJNA566200'
2026-05-02 00:45:21,469 WARNING No GEO links found for 'PRJNA573053'
2026-05-02 00:45:22,392 WARNING No GEO links found for 'PRJNA573959'
2026-05-02 00:45:23,006 WARNING No GEO links found for 'PRJNA577120'
2026-05-02 00:45:23,636 WARNING No GEO links found for 'PRJNA577794'
2026-05-02 00:45:24,290 WARNING No GEO links found for 'PRJNA577409'
2026-05-02 00:45:25,150 WARNING No GEO links found for 'PRJNA578250'
2026-05-02 00:45:25,629 WARNING No GEO links found for 'PRJNA578488'
2026-05-02 00:45:26,402 WARNING No GEO links found for 'PRJNA579178'
2026-05-02 00:45:26,858 WARNING No GEO links found for 'PRJNA580187'
2026-05-02 00:45:27,674 WARNING No GEO links found for 'PRJNA580236'
2026-05-02 00:45:28,468 WARNING No GEO links found for 'PRJNA580355'
2026-05-02 00:45:28,822 WARNING No GEO links found for 'PRJNA587564'
2026-05-02 00:45:29,667 WARNING No GEO links found for 'PRJNA587711'
2026-05-02 00:45:30,613 WARNING No GEO links found for 'PRJNA587742'
2026-05-02 00:45:31,004 WARNING No GEO links found for 'PRJNA587769'
2026-05-02 00:45:31,639 WARNING No GEO links found for 'PRJNA587790'
2026-05-02 00:45:32,339 WARNING No GEO links found for 'PRJNA588272'
2026-05-02 00:45:33,024 WARNING No GEO links found for 'PRJNA588007'
2026-05-02 00:45:33,715 WARNING No GEO links found for 'PRJNA587167'
2026-05-02 00:45:34,051 WARNING No GEO links found for 'PRJNA588461'
2026-05-02 00:45:35,503 WARNING No GEO links found for 'PRJNA589986'
2026-05-02 00:45:35,855 WARNING No GEO links found for 'PRJNA591220'
2026-05-02 00:45:36,478 WARNING No GEO links found for 'PRJNA595375'
2026-05-02 00:45:37,271 WARNING No GEO links found for 'PRJNA596248'
2026-05-02 00:45:37,547 WARNING No GEO links found for 'PRJNA596980'
2026-05-02 00:45:38,164 WARNING No GEO links found for 'PRJNA597624'
2026-05-02 00:45:39,726 WARNING No GEO links found for 'PRJNA599962'
2026-05-02 00:45:40,214 WARNING No GEO links found for 'PRJNA600544'
2026-05-02 00:45:40,751 WARNING No GEO links found for 'PRJNA595398'
2026-05-02 00:45:41,132 WARNING No GEO links found for 'PRJNA593898'
2026-05-02 00:45:41,528 WARNING No GEO links found for 'PRJNA603755'
2026-05-02 00:45:42,873 WARNING No GEO links found for 'PRJNA605246'
2026-05-02 00:45:43,439 WARNING No GEO links found for 'PRJNA604055'
2026-05-02 00:45:43,820 WARNING No GEO links found for 'PRJNA604573'
2026-05-02 00:45:44,346 WARNING No GEO links found for 'PRJNA605083'
2026-05-02 00:45:44,973 WARNING No GEO links found for 'PRJNA606550'
2026-05-02 00:45:47,288 WARNING No GEO links found for 'PRJNA609918'
2026-05-02 00:45:47,898 WARNING No GEO links found for 'PRJNA609259'
2026-05-02 00:45:48,021 WARNING No GEO links found for 'PRJNA610037'
2026-05-02 00:45:48,050 WARNING No GEO links found for 'PRJNA611464'
2026-05-02 00:45:48,264 WARNING No GEO links found for 'PRJNA612027'
2026-05-02 00:45:48,994 WARNING No GEO links found for 'PRJNA612627'
2026-05-02 00:45:49,211 WARNING Falling back to direct GEO UID summaries for 'PRJNA641361': 1 linked UIDs
2026-05-02 00:45:49,813 WARNING No GEO links found for 'PRJNA614533'
2026-05-02 00:45:50,958 WARNING No GEO links found for 'PRJNA615238'
2026-05-02 00:45:51,073 WARNING No GEO links found for 'PRJNA615039'
2026-05-02 00:45:51,410 WARNING No GEO links found for 'PRJNA612345'
2026-05-02 00:45:52,421 WARNING No GEO links found for 'PRJNA613670'
2026-05-02 00:45:53,046 WARNING No GEO links found for 'PRJNA616025'
2026-05-02 00:45:53,428 WARNING No GEO links found for 'PRJNA616283'
2026-05-02 00:45:54,317 WARNING No GEO links found for 'PRJNA622870'
2026-05-02 00:45:55,169 WARNING No GEO links found for 'PRJNA623218'
2026-05-02 00:45:55,566 WARNING No GEO links found for 'PRJNA616233'
2026-05-02 00:45:56,215 WARNING No GEO links found for 'PRJNA625270'
2026-05-02 00:45:56,953 WARNING No GEO links found for 'PRJNA625731'
2026-05-02 00:45:57,725 WARNING No GEO links found for 'PRJNA626530'
2026-05-02 00:45:58,267 WARNING No GEO links found for 'PRJNA626597'
2026-05-02 00:45:59,031 WARNING No GEO links found for 'PRJNA630017'
2026-05-02 00:45:59,713 WARNING No GEO links found for 'PRJNA630413'
2026-05-02 00:46:00,565 WARNING No GEO links found for 'PRJNA630932'
2026-05-02 00:46:01,193 WARNING No GEO links found for 'PRJNA631472'
2026-05-02 00:46:01,711 WARNING No GEO links found for 'PRJNA631808'
2026-05-02 00:46:02,242 WARNING No GEO links found for 'PRJNA634159'
2026-05-02 00:46:03,600 WARNING No GEO links found for 'PRJNA623696'
2026-05-02 00:46:04,290 WARNING No GEO links found for 'PRJNA633668'
2026-05-02 00:46:04,937 WARNING No usable GEO link history found for 'PRJNA641208'
2026-05-02 00:46:06,199 WARNING No GEO links found for 'PRJNA641332'
2026-05-02 00:46:06,295 WARNING No GEO links found for 'PRJNA642962'
2026-05-02 00:46:07,526 WARNING No GEO links found for 'PRJNA642343'
2026-05-02 00:46:08,283 WARNING No GEO links found for 'PRJNA643879'
2026-05-02 00:46:09,118 WARNING No GEO links found for 'PRJNA644636'
2026-05-02 00:46:09,753 WARNING No GEO links found for 'PRJNA644744'
2026-05-02 00:46:10,616 WARNING No GEO links found for 'PRJNA644060'
2026-05-02 00:46:11,652 WARNING No GEO links found for 'PRJNA644879'
2026-05-02 00:46:12,138 WARNING No GEO links found for 'PRJNA647037'
2026-05-02 00:46:13,098 WARNING No GEO links found for 'PRJNA648663'
2026-05-02 00:46:13,939 WARNING No GEO links found for 'PRJNA647254'
2026-05-02 00:46:14,666 WARNING No GEO links found for 'PRJNA648252'
2026-05-02 00:46:15,825 WARNING No GEO links found for 'PRJNA650256'
2026-05-02 00:46:16,286 WARNING No GEO links found for 'PRJNA645249'
2026-05-02 00:46:17,102 WARNING No GEO links found for 'PRJNA650549'
2026-05-02 00:46:17,880 WARNING No GEO links found for 'PRJNA631563'
2026-05-02 00:46:19,486 WARNING No GEO links found for 'PRJNA656253'
2026-05-02 00:46:19,673 WARNING No GEO links found for 'PRJNA640661'
2026-05-02 00:46:20,289 WARNING No GEO links found for 'PRJNA653629'
2026-05-02 00:46:21,103 WARNING No GEO links found for 'PRJNA657268'
2026-05-02 00:46:21,916 WARNING No GEO links found for 'PRJNA657295'
2026-05-02 00:46:22,718 WARNING No GEO links found for 'PRJNA644294'
2026-05-02 00:46:22,843 WARNING No GEO links found for 'PRJNA657730'
2026-05-02 00:46:23,527 WARNING No GEO links found for 'PRJNA660307'
2026-05-02 00:46:24,299 WARNING No GEO links found for 'PRJNA660827'
2026-05-02 00:46:25,127 WARNING No GEO links found for 'PRJNA662018'
2026-05-02 00:46:25,906 WARNING No GEO links found for 'PRJNA509416'
2026-05-02 00:46:26,863 WARNING No GEO links found for 'PRJNA594252'
2026-05-02 00:46:27,514 WARNING No GEO links found for 'PRJNA657088'
2026-05-02 00:46:28,303 WARNING No GEO links found for 'PRJNA664527'
2026-05-02 00:46:29,236 WARNING No GEO links found for 'PRJNA665619'
2026-05-02 00:46:29,815 WARNING No GEO links found for 'PRJNA665788'
2026-05-02 00:46:30,771 WARNING No GEO links found for 'PRJNA665589'
2026-05-02 00:46:31,687 WARNING No GEO links found for 'PRJNA667557'
2026-05-02 00:46:32,333 WARNING No GEO links found for 'PRJNA663699'
2026-05-02 00:46:33,138 WARNING No GEO links found for 'PRJNA668200'
2026-05-02 00:46:33,947 WARNING No GEO links found for 'PRJNA668198'
2026-05-02 00:46:34,902 WARNING No GEO links found for 'PRJNA670733'
2026-05-02 00:46:35,696 WARNING No GEO links found for 'PRJNA672658'
2026-05-02 00:46:36,346 WARNING No GEO links found for 'PRJNA669369'
2026-05-02 00:46:37,161 WARNING No GEO links found for 'PRJNA627465'
2026-05-02 00:46:37,984 WARNING No GEO links found for 'PRJNA679324'
2026-05-02 00:46:38,780 WARNING No GEO links found for 'PRJNA679848'
2026-05-02 00:46:39,550 WARNING No GEO links found for 'PRJNA679931'
2026-05-02 00:46:40,393 WARNING No GEO links found for 'PRJNA674966'
2026-05-02 00:46:41,363 WARNING No GEO links found for 'PRJNA680859'
2026-05-02 00:46:41,816 WARNING No GEO links found for 'PRJNA681115'
2026-05-02 00:46:43,000 WARNING No GEO links found for 'PRJNA681739'
2026-05-02 00:46:43,565 WARNING No GEO links found for 'PRJNA681924'
2026-05-02 00:46:44,399 WARNING No GEO links found for 'PRJNA682590'
2026-05-02 00:46:45,171 WARNING No GEO links found for 'PRJNA681021'
2026-05-02 00:46:46,060 WARNING No GEO links found for 'PRJNA682839'
2026-05-02 00:46:46,798 WARNING No GEO links found for 'PRJNA686505'
2026-05-02 00:46:47,464 WARNING No GEO links found for 'PRJNA686209'
2026-05-02 00:46:48,247 WARNING No GEO links found for 'PRJNA688292'
2026-05-02 00:46:49,132 WARNING No GEO links found for 'PRJNA688219'
2026-05-02 00:46:49,770 WARNING No GEO links found for 'PRJNA690128'
2026-05-02 00:46:50,833 WARNING No GEO links found for 'PRJNA690990'
2026-05-02 00:46:51,494 WARNING No GEO links found for 'PRJNA691127'
2026-05-02 00:46:52,427 WARNING No GEO links found for 'PRJNA690860'
2026-05-02 00:46:53,505 WARNING No GEO links found for 'PRJNA692548'
2026-05-02 00:46:54,028 WARNING No GEO links found for 'PRJNA694235'
2026-05-02 00:46:54,787 WARNING No GEO links found for 'PRJNA694543'
2026-05-02 00:46:55,792 WARNING No GEO links found for 'PRJNA695097'
2026-05-02 00:46:56,522 WARNING No GEO links found for 'PRJNA694521'
2026-05-02 00:46:57,196 WARNING No GEO links found for 'PRJNA697839'
2026-05-02 00:46:58,070 WARNING No GEO links found for 'PRJNA678538'
2026-05-02 00:46:58,790 WARNING No GEO links found for 'PRJNA694978'
2026-05-02 00:46:59,380 WARNING No GEO links found for 'PRJNA698642'
2026-05-02 00:47:00,526 WARNING No GEO links found for 'PRJNA699117'
2026-05-02 00:47:01,195 WARNING No GEO links found for 'PRJNA700091'
2026-05-02 00:47:02,143 WARNING No GEO links found for 'PRJNA700694'
2026-05-02 00:47:02,658 WARNING No GEO links found for 'PRJNA702242'
2026-05-02 00:47:04,009 WARNING No GEO links found for 'PRJNA702594'
2026-05-02 00:47:05,260 WARNING No GEO links found for 'PRJNA702837'
2026-05-02 00:47:05,763 WARNING No GEO links found for 'PRJNA703313'
2026-05-02 00:47:06,408 WARNING No GEO links found for 'PRJNA708350'
2026-05-02 00:47:06,967 WARNING No GEO links found for 'PRJNA712944'
2026-05-02 00:47:07,515 WARNING No GEO links found for 'PRJNA646233'
2026-05-02 00:47:08,171 WARNING No GEO links found for 'PRJNA713993'
2026-05-02 00:47:08,987 WARNING No GEO links found for 'PRJNA714745'
2026-05-02 00:47:09,761 WARNING No GEO links found for 'PRJNA715227'
2026-05-02 00:47:10,334 WARNING No GEO links found for 'PRJNA715507'
2026-05-02 00:47:11,973 WARNING No GEO links found for 'PRJNA706602'
2026-05-02 00:47:12,198 WARNING No GEO links found for 'PRJNA717101'
2026-05-02 00:47:12,211 WARNING No GEO links found for 'PRJNA717310'
2026-05-02 00:47:12,839 WARNING No GEO links found for 'PRJNA718977'
2026-05-02 00:47:13,519 WARNING No GEO links found for 'PRJNA719675'
2026-05-02 00:47:14,464 WARNING No GEO links found for 'PRJNA719748'
2026-05-02 00:47:14,999 WARNING No GEO links found for 'PRJNA720840'
2026-05-02 00:47:15,789 WARNING No GEO links found for 'PRJNA722100'
2026-05-02 00:47:16,486 WARNING No GEO links found for 'PRJNA722117'
2026-05-02 00:47:17,129 WARNING No GEO links found for 'PRJNA721827'
2026-05-02 00:47:17,812 WARNING No GEO links found for 'PRJNA723584'
2026-05-02 00:47:18,401 WARNING No GEO links found for 'PRJNA723618'
2026-05-02 00:47:18,737 WARNING No GEO links found for 'PRJNA725222'
2026-05-02 00:47:19,826 WARNING No GEO links found for 'PRJNA725249'
2026-05-02 00:47:20,201 WARNING No GEO links found for 'PRJNA714499'
2026-05-02 00:47:21,016 WARNING No GEO links found for 'PRJNA726991'
2026-05-02 00:47:21,535 WARNING No GEO links found for 'PRJNA727024'
2026-05-02 00:47:22,332 WARNING No GEO links found for 'PRJNA727275'
2026-05-02 00:47:22,912 WARNING No GEO links found for 'PRJNA728697'
2026-05-02 00:47:23,536 WARNING No GEO links found for 'PRJNA729752'
2026-05-02 00:47:24,336 WARNING No GEO links found for 'PRJNA729883'
2026-05-02 00:47:25,006 WARNING No GEO links found for 'PRJNA730360'
2026-05-02 00:47:25,820 WARNING No GEO links found for 'PRJNA731241'
2026-05-02 00:47:26,357 WARNING No GEO links found for 'PRJNA728696'
2026-05-02 00:47:26,905 WARNING No GEO links found for 'PRJNA731521'
2026-05-02 00:47:27,543 WARNING No GEO links found for 'PRJNA733175'
2026-05-02 00:47:28,074 WARNING No GEO links found for 'PRJNA733762'
2026-05-02 00:47:28,898 WARNING No GEO links found for 'PRJNA734283'
2026-05-02 00:47:29,530 WARNING No GEO links found for 'PRJNA734097'
2026-05-02 00:47:30,347 WARNING No GEO links found for 'PRJNA733327'
2026-05-02 00:47:30,882 WARNING No GEO links found for 'PRJNA735846'
2026-05-02 00:47:31,841 WARNING No GEO links found for 'PRJNA735848'
2026-05-02 00:47:32,389 WARNING No GEO links found for 'PRJNA735877'
2026-05-02 00:47:33,062 WARNING No GEO links found for 'PRJNA736082'
2026-05-02 00:47:33,831 WARNING No GEO links found for 'PRJNA737188'
2026-05-02 00:47:34,371 WARNING No GEO links found for 'PRJNA739138'
2026-05-02 00:47:35,192 WARNING No GEO links found for 'PRJNA740011'
2026-05-02 00:47:35,559 WARNING No GEO links found for 'PRJNA739996'
2026-05-02 00:47:36,423 WARNING No GEO links found for 'PRJNA741134'
2026-05-02 00:47:37,020 WARNING No GEO links found for 'PRJNA741073'
2026-05-02 00:47:38,041 WARNING No GEO links found for 'PRJNA742201'
2026-05-02 00:47:38,230 WARNING No GEO links found for 'PRJNA742115'
2026-05-02 00:47:39,158 WARNING No GEO links found for 'PRJNA743143'
2026-05-02 00:47:39,871 WARNING No GEO links found for 'PRJNA743653'
2026-05-02 00:47:40,530 WARNING No GEO links found for 'PRJNA744055'
2026-05-02 00:47:41,075 WARNING No GEO links found for 'PRJNA744622'
2026-05-02 00:47:41,580 WARNING No GEO links found for 'PRJNA745955'
2026-05-02 00:47:42,378 WARNING No GEO links found for 'PRJNA745974'
2026-05-02 00:47:43,859 WARNING No GEO links found for 'PRJNA749064'
2026-05-02 00:47:44,265 WARNING No GEO links found for 'PRJNA749372'
2026-05-02 00:47:44,900 WARNING No GEO links found for 'PRJNA749875'
2026-05-02 00:47:45,595 WARNING No GEO links found for 'PRJNA749866'
2026-05-02 00:47:46,253 WARNING No GEO links found for 'PRJNA750569'
2026-05-02 00:47:46,915 WARNING No GEO links found for 'PRJNA751057'
2026-05-02 00:47:47,727 WARNING No GEO links found for 'PRJNA751409'
2026-05-02 00:47:48,481 WARNING No GEO links found for 'PRJNA755249'
2026-05-02 00:47:49,112 WARNING No GEO links found for 'PRJNA754272'
2026-05-02 00:47:49,894 WARNING No GEO links found for 'PRJNA754442'
2026-05-02 00:47:50,402 WARNING No GEO links found for 'PRJNA750638'
2026-05-02 00:47:50,927 WARNING No GEO links found for 'PRJNA752243'
2026-05-02 00:47:51,754 WARNING No GEO links found for 'PRJNA755351'
2026-05-02 00:47:52,534 WARNING No GEO links found for 'PRJNA756027'
2026-05-02 00:47:52,683 WARNING No GEO links found for 'PRJNA807701'
2026-05-02 00:47:52,943 WARNING No GEO links found for 'PRJNA756466'
2026-05-02 00:47:53,695 WARNING No GEO links found for 'PRJNA756783'
2026-05-02 00:47:54,440 WARNING No GEO links found for 'PRJNA758711'
2026-05-02 00:47:55,272 WARNING No GEO links found for 'PRJNA759047'
2026-05-02 00:52:28,650 WARNING Falling back to direct GEO UID summaries for 'PRJNA683876': 1 linked UIDs
2026-05-02 00:52:47,127 WARNING No GEO links found for 'PRJNA1248477'
2026-05-02 00:54:06,237 WARNING No GEO links found for 'PRJNA1096305'
